80dffe00 T _NOR_BOOT_CFG
80dffe00 T __image_copy_start
80dffe00 T _start
80e00020 t _undefined_instruction
80e00024 t _software_interrupt
80e00028 t _prefetch_abort
80e0002c t _data_abort
80e00030 t _not_used
80e00034 t _irq
80e00038 t _fiq
80e00040 T _TEXT_BASE
80e00044 T _bss_start_ofs
80e00048 T _bss_end_ofs
80e0004c T _end_ofs
80e00050 T IRQ_STACK_START
80e00054 T FIQ_STACK_START
80e00058 T IRQ_STACK_START_IN
80e0005c t reset
80e00074 T c_runtime_cpu_setup
80e00078 t cpu_init_crit
80e0007c t flush_dcache
80e000c0 t undefined_instruction
80e00120 t software_interrupt
80e00180 t prefetch_abort
80e001e0 t data_abort
80e00240 t not_used
80e002a0 t irq
80e002e0 t irq_handler_check_status
80e0030c t irq_handler_exit
80e00320 t fiq
80e00368 T timer_init
80e00388 T get_ticks
80e003dc T get_timer_masked
80e003f8 T get_timer
80e0040c T udelay_masked
80e004b8 T __udelay
80e004bc T clk_get_core_pll_freq
80e004f4 T get_vclk
80e0051c T get_asic_freq
80e00544 t l2_frac_dma
80e005f4 t l2_get_addr
80e00654 t l2_cpu
80e00870 T l2_init
80e008c0 T l2_get_status
80e008f4 T l2_combuf_cpu
80e009e4 T l2_combuf_cpu_frac
80e00a04 T l2_combuf_dma
80e00bf4 T l2_set_status
80e00c30 T l2_clr_status
80e00c64 t l2_clear_dma
80e00d64 T l2_combuf_wait_dma_finish
80e00ecc T l2_alloc
80e01020 T l2_free
80e01104 T ak39_soft_reset
80e0116c T ak_soft_reset
80e01170 t default_isr
80e01180 T ak_do_irq
80e01198 T ak_irq_install_handler
80e011cc T ak_arch_interrupt_init
80e011fc T cleanup_before_linux
80e0121c T flush_dcache_all
80e01230 T flush_dcache_range
80e0126c T flush_cache
80e01274 T __l2_cache_disable
80e01274 W l2_cache_disable
80e01278 T _main
80e012b8 t here
80e012c8 t clbss_l
80e012fc T relocate_code
80e0130c t copy_loop
80e01324 t fixloop
80e01344 t fixnext
80e0134c t relocate_done
80e01360 T __arch_cpu_init
80e01360 W arch_cpu_init
80e01368 t display_banner
80e01388 t init_baudrate
80e013b4 t mark_bootstage
80e013c8 T __coloured_LED_init
80e013c8 W coloured_LED_init
80e013cc T __red_led_on
80e013cc W red_led_on
80e013d0 T __dram_init_banksize
80e013d0 W dram_init_banksize
80e013ec T __power_init_board
80e013ec W power_init_board
80e013f4 T board_init_f
80e01540 T board_init_r
80e016a8 t boot_jump_linux
80e01760 T arch_lmb_reserve
80e01784 W setup_board_tags
80e01788 t boot_prep_linux
80e01894 T do_bootm_linux
80e018f0 T interrupt_init
80e01930 T enable_interrupts
80e01940 T disable_interrupts
80e0195c T bad_mode
80e0196c T show_regs
80e01aa8 T do_undefined_instruction
80e01ac8 T do_software_interrupt
80e01ae8 T do_prefetch_abort
80e01b08 T do_data_abort
80e01b28 T do_not_used
80e01b48 T do_fiq
80e01b68 T do_reset
80e01b9c T __enable_caches
80e01b9c W enable_caches
80e01ba0 t cp_delay
80e01bd0 T icache_disable
80e01bec T dcache_disable
80e01c14 W do_go_exec
80e01c24 t do_go
80e01c90 W arch_preboot_os
80e01c90 t __arch_preboot_os
80e01c94 t do_bootm_states.isra.16.constprop.17
80e02538 T do_bootm
80e02628 T bootm_maybe_autostart
80e026a0 T do_fat_fsload
80e026b8 t do_fat_ls
80e026d0 t do_fat_fsinfo
80e02760 t fdt_valid
80e02858 t is_printable_string
80e028f0 t print_data
80e02a74 T set_working_fdt_addr
80e02a90 t do_fdt
80e03ad4 t do_help
80e03b1c t bin_data_init
80e03b48 t k_data_save
80e03b94 t k_data_restore
80e03be0 t load_serial_ymodem
80e03ce8 t getcxmodem
80e03d08 t bin_data_char
80e03d34 t chk1.constprop.1
80e03d60 t s1_sendpacket.constprop.2
80e03db0 t do_load_serial_bin
80e0458c T read_envbk_spec
80e0463c T do_format
80e0465c t do_mem_base
80e0469c t do_mem_mw
80e04780 t do_mem_cmp
80e048dc t do_mem_loop
80e049c8 t do_mem_md
80e04ab4 t do_mem_cp
80e04be4 T do_mem_crc
80e04c80 t mod_mem.isra.3
80e04e10 t do_mem_mm
80e04e18 t do_mem_nm
80e04e20 t do_mmcops
80e052bc t do_mmcinfo
80e0546c t part_delall
80e054b0 t memsize_parse
80e05530 t memsize_format
80e055c4 t generate_mtdparts_save.constprop.7
80e058cc t device_delall.constprop.9
80e05930 t get_mtd_info.constprop.10
80e059a8 t part_validate
80e05d08 T device_find
80e05d54 T mtd_id_parse
80e05e70 T mtd_part_info
80e05f08 T find_dev_and_part
80e060b8 t index_partitions
80e06174 t current_save
80e06230 t mtd_devices_init
80e0625c t device_del
80e062d8 t part_sort_add
80e063f4 t device_parse
80e069dc T mtdparts_init
80e07054 t do_chpart
80e07128 t do_mtdparts
80e07714 t netboot_common
80e079d8 t do_bootp
80e079e4 T do_tftpb
80e07a24 t do_ping
80e07aa0 t do_env_delete
80e07b3c t do_env_save
80e07b50 t do_env
80e07bb4 t env_print
80e07c74 t do_env_print
80e07d3c t do_env_import
80e07f84 t do_env_default
80e0802c t _do_env_set.isra.0
80e081e4 t do_env_set
80e08200 T get_env_id
80e08210 T setenv
80e08268 T setenv_ulong
80e08288 T setenv_hex
80e082bc t do_env_export
80e08528 T envmatch
80e08594 T getenv_f
80e0865c T getenv
80e086d4 T getenv_hex
80e08710 T getenv_ulong
80e08740 t partitions_mtdparts_parse
80e0890c t upgrade_progress_bar_draw.part.0.constprop.7
80e08a14 T do_sd_upgrade
80e08fdc t upgarde_file_partitions_check
80e09104 t upgrade_file_data_partition_check
80e09114 t upgrade_file_tuya_partition_check
80e09124 t upgrade_file_app_partition_check
80e09134 t upgrade_file_usr_partition_check
80e09144 t upgrade_file_config_partition_check
80e09154 t upgrade_file_rootfs_partition_check
80e09164 t upgrade_file_logo_partition_check
80e09174 t upgrade_file_uImage_partition_check
80e09184 t upgrade_file_dtb_partition_check
80e09194 t upgrade_file_envbkimg_partition_check
80e091a4 t upgrade_file_envimg_partition_check
80e091b4 t upgarde_file_uboot_partition_check
80e091c4 t do_spi_flash_probe
80e09350 t show_time
80e09444 t spi_test_next_stage
80e09488 t do_spi_flash
80e09c70 t do_uuid_check
80e09f94 t do_version
80e09fcc T find_cmd_tbl
80e0a070 T find_cmd
80e0a098 T cmd_usage
80e0a0f8 T _do_help
80e0a278 T var_complete
80e0a2f4 T cmd_auto_complete
80e0a764 T cmd_get_data_size
80e0a7c0 T cmd_process
80e0a87c t console_setfile
80e0a920 T fgetc
80e0a944 T ftstc
80e0a968 T getc
80e0a98c T tstc
80e0a9b0 T putc
80e0a9e0 T puts
80e0aa10 T printf
80e0aa5c T vprintf
80e0aa98 T ctrlc
80e0aaf0 T disable_ctrlc
80e0ab08 T had_ctrlc
80e0ab18 T clear_ctrlc
80e0ab2c T search_device
80e0ab54 T console_assign
80e0ab9c t on_console
80e0ac5c T console_init_f
80e0ac6c T stdio_print_current_devices
80e0ad1c T console_init_r
80e0adfc T sbrk
80e0ae6c T mem_malloc_init
80e0aeac T malloc_trim
80e0af78 T free
80e0b1ac T malloc
80e0b7b8 T calloc
80e0b88c T memalign
80e0b998 T env_attr_walk
80e0baa8 T env_attr_lookup
80e0bc34 t clear_callback
80e0bc44 t find_env_callback
80e0bcac t on_callbacks
80e0bcf4 t set_callback
80e0bd88 T env_callback_init
80e0be28 W env_get_char_spec
80e0be28 t __env_get_char_spec
80e0be34 T env_get_addr
80e0be54 T env_get_char_memory
80e0be64 T env_get_char
80e0be94 T getenv_yesno
80e0bed4 T getenv_default
80e0bf04 T set_default_env
80e0bfb0 T set_default_vars
80e0bfe8 T env_import
80e0c1b8 T env_relocate
80e0c1e8 T env_complete
80e0c2d0 t skip_num
80e0c340 t clear_flags
80e0c350 t on_flags
80e0c398 T env_flags_parse_vartype
80e0c3e8 T env_flags_parse_varaccess
80e0c440 t set_flags
80e0c4ec T env_flags_init
80e0c59c T env_flags_validate
80e0c8bc T saveenv
80e0ca4c T env_relocate_spec
80e0caf0 T env_init
80e0cb0c t dummy
80e0cb10 T get_version
80e0cb18 T jumptable_init
80e0cca8 t get_cells_len
80e0ccf8 T fdt_initrd
80e0cee0 T fdt_chosen
80e0cfec T fdt_fixup_memory_banks
80e0d244 T fdt_fixup_memory
80e0d264 T fdt_resize
80e0d374 T addr2info
80e0d3c0 T flash_write
80e0d514 T flash_perror
80e0d5fc t fdt_error
80e0d628 T boot_fdt_add_mem_rsv_regions
80e0d6b0 T boot_relocate_fdt
80e0d83c T boot_get_fdt
80e0db04 W ft_verify_fdt
80e0db0c T image_setup_libfdt
80e0dc1c t on_loadaddr
80e0dc54 T image_check_hcrc
80e0dcb4 T image_check_dcrc
80e0dd14 T image_multi_count
80e0dd30 T image_multi_getimg
80e0ddd8 T getenv_bootm_low
80e0de08 T getenv_bootm_size
80e0de64 T getenv_bootm_mapsize
80e0de94 T memmove_wd
80e0dea0 T genimg_print_size
80e0ded0 T get_table_entry_name
80e0defc T genimg_get_os_name
80e0df14 T genimg_get_arch_name
80e0df2c T genimg_get_type_name
80e0df44 T genimg_get_comp_name
80e0df5c T image_print_contents
80e0e10c T genimg_get_format
80e0e158 T genimg_get_image
80e0e15c T genimg_has_config
80e0e164 T boot_get_ramdisk
80e0e3c8 T boot_ramdisk_high
80e0e4f8 T image_setup_linux
80e0e584 T lcd_get_size
80e0e5c8 T lcd_sync
80e0e608 T drv_lcd_init
80e0e728 T lcd_clear
80e0e7ac t do_lcd_clear
80e0e7bc T lcd_setmem
80e0e800 t delete_char.part.1
80e0e8d0 t cread_add_char
80e0e9b8 T __show_boot_progress
80e0e9b8 W show_boot_progress
80e0e9bc T readline_into_buffer
80e0f36c T readline
80e0f380 T parse_line
80e0f408 t builtin_run_command
80e0f74c T run_command
80e0f764 T run_command_list
80e0f850 T main_loop
80e0fb3c T do_run
80e0fbb4 T get_ram_size
80e0fc98 t img_data_cb
80e0fd04 t input_func
80e0fd6c T uboot_logo_sjpg_decode
80e0fe18 T stdio_get_list
80e0fe24 T stdio_get_by_name
80e0fe80 T stdio_clone
80e0feb8 T stdio_register
80e0fef4 T stdio_init
80e0ff84 t alloc_pool
80e0ffbc t bitext
80e100a4 t huffext
80e101fc T jd_prepare
80e108dc T jd_decomp
80e1150c t CYGACC_COMM_IF_GETC_TIMEOUT.isra.0
80e11568 t xyzModem_flush
80e11584 t xyzModem_get_hdr
80e117b8 T xyzModem_stream_open
80e119f4 T xyzModem_stream_read
80e11c4c T xyzModem_stream_close
80e11ca0 T xyzModem_stream_terminate
80e11d34 T xyzModem_error
80e11d54 T get_dev
80e11dc8 T dev_print
80e11fe0 T init_part
80e12000 T print_part
80e120e4 T get_partition_info
80e1210c T get_device
80e12190 T get_device_and_partition
80e125d0 t test_block_type
80e126cc t print_partition_extended
80e1298c t get_partition_info_extended.constprop.2
80e12c24 T test_part_dos
80e12cb8 T print_part_dos
80e12cec T get_partition_info_dos
80e12dd8 T gpio_set_pin_level
80e12e48 T gpio_set_pin_dir
80e12e9c T gpio_direction_output
80e12ec4 T gpio_set_pin_as_gpio
80e12f58 t mmc_set_capacity
80e13004 W board_mmc_getwp
80e1300c T mmc_getwp
80e13040 T __board_mmc_getcd
80e13040 W board_mmc_getcd
80e13048 T mmc_send_cmd
80e13050 t mmc_go_idle
80e13078 t mmc_send_op_cond_iter
80e130f8 t mmc_send_ext_csd
80e13144 T mmc_send_status
80e13208 t mmc_switch.isra.1
80e1325c T mmc_set_blocklen
80e1328c T find_mmc_device
80e132d8 t mmc_bread
80e1342c T mmc_complete_op_cond
80e134b8 T mmc_switch_part
80e13504 T mmc_getcd
80e13538 T mmc_set_clock
80e13578 t mmc_startup
80e14104 T mmc_register
80e1418c T mmc_start_init
80e143e8 T mmc_init
80e14478 T mmc_get_dev
80e144a4 T print_mmc_devices
80e1450c T get_mmc_num
80e1451c T mmc_initialize
80e1463c t ak_mmc_getcd
80e14644 t ak_mmc_getwp
80e14670 t ak_mmc_setup_gpio_in
80e146bc t send_cmd.isra.3
80e14744 t ak_set_clock.isra.0.constprop.11
80e147b0 t ak_mmc_init_setup
80e149a0 t ak_mmc_send_cmd
80e14c6c t ak_mmc_set_ios
80e14d10 T ak_sdhsmmc_init
80e14ec0 T sd_init_info
80e15054 T mmc_berase
80e151ec T mmc_bwrite
80e1534c T add_mtd_device
80e153d4 T get_mtd_device_nm
80e15440 t spi_flash_read_write
80e154b4 T spi_flash_cmd_read
80e154d4 T spi_flash_cmd
80e15500 T spi_flash_cmd_write
80e15520 T spi_flash_probe
80e15acc T spi_flash_free
80e15ae8 t spi_flash_addr
80e15b18 T spi_flash_cmd_wait_ready
80e15bf0 T show_spi_flash_reg
80e15c28 T spi_flash_quad_mode_enable
80e15c90 T spi_flash_write_common
80e15d30 T spi_flash_gd25q128c_cmd_write_status
80e15da8 T spi_flash_cmd_write_status
80e15e80 T spi_flash_xmc_cmd_write_status
80e15eac t spi_flash_cmd_bankaddr_write
80e15f00 T spi_flash_write_common_volatile
80e15fa0 T spi_flash_winbond_cmd_write_status_volatile
80e16058 T spi_flash_cmd_erase_ops
80e162e8 T spi_flash_read_common
80e16344 T spi_flash_cmd_read_status
80e1641c T spi_flash_xmc_cmd_read_status
80e164f4 T spi_flash_write_extra
80e165e0 T spi_flash_cmd_write_ops_extra
80e166c8 T spi_flash_read_extra
80e16768 T spi_flash_cmd_read_ops_extra
80e16894 t serial_init_dev
80e16958 T akserial0_init
80e16960 T akserial1_init
80e16968 T akserial1_setbrg
80e1696c T akserial0_setbrg
80e16970 T _serial_getc
80e16a2c T akserial0_getc
80e16a34 T akserial1_getc
80e16a3c T _serial_putc
80e16aac T akserial0_putc
80e16ab4 T akserial1_putc
80e16abc T _serial_tstc
80e16afc T akserial0_tstc
80e16b04 T akserial1_tstc
80e16b0c T _serial_puts
80e16b4c T akserial0_puts
80e16b54 T akserial1_puts
80e16b5c W default_serial_console
80e16b68 T ak39_serial_initialize
80e16b88 t get_current
80e16bc8 W altera_jtag_serial_initialize
80e16bc8 W altera_serial_initialize
80e16bc8 W amirix_serial_initialize
80e16bc8 W arm_dcc_initialize
80e16bc8 W asc_serial_initialize
80e16bc8 W atmel_serial_initialize
80e16bc8 W au1x00_serial_initialize
80e16bc8 W bfin_jtag_initialize
80e16bc8 W bfin_serial_initialize
80e16bc8 W bmw_serial_initialize
80e16bc8 W clps7111_serial_initialize
80e16bc8 W cogent_serial_initialize
80e16bc8 W cpci750_serial_initialize
80e16bc8 W evb64260_serial_initialize
80e16bc8 W imx_serial_initialize
80e16bc8 W iop480_serial_initialize
80e16bc8 W ixp_serial_initialize
80e16bc8 W jz_serial_initialize
80e16bc8 W ks8695_serial_initialize
80e16bc8 W leon2_serial_initialize
80e16bc8 W leon3_serial_initialize
80e16bc8 W lh7a40x_serial_initialize
80e16bc8 W lpc32xx_serial_initialize
80e16bc8 W marvell_serial_initialize
80e16bc8 W max3100_serial_initialize
80e16bc8 W mcf_serial_initialize
80e16bc8 W ml2_serial_initialize
80e16bc8 W mpc512x_serial_initialize
80e16bc8 W mpc5xx_serial_initialize
80e16bc8 W mpc8260_scc_serial_initialize
80e16bc8 W mpc8260_smc_serial_initialize
80e16bc8 W mpc85xx_serial_initialize
80e16bc8 W mpc8xx_serial_initialize
80e16bc8 W mxc_serial_initialize
80e16bc8 W mxs_auart_initialize
80e16bc8 W ns16550_serial_initialize
80e16bc8 W oc_serial_initialize
80e16bc8 W p3mx_serial_initialize
80e16bc8 W pl01x_serial_initialize
80e16bc8 W pxa_serial_initialize
80e16bc8 W s3c24xx_serial_initialize
80e16bc8 W s5p_serial_initialize
80e16bc8 W sa1100_serial_initialize
80e16bc8 W sandbox_serial_initialize
80e16bc8 W sconsole_serial_initialize
80e16bc8 W sh_serial_initialize
80e16bc8 W uartlite_serial_initialize
80e16bc8 W zynq_serial_initalize
80e16bc8 t serial_null
80e16bcc T serial_register
80e16be4 T serial_stdio_init
80e16c70 T serial_assign
80e16cbc T serial_initialize
80e16d90 T serial_init
80e16da4 T serial_setbrg
80e16db8 t on_baudrate
80e16ea8 T serial_getc
80e16ebc T serial_tstc
80e16ed0 T serial_putc
80e16eec T serial_puts
80e16f08 T spi_do_alloc_slave
80e16f4c t spi_rxdword
80e16f9c t ak_spi_start_txrx.isra.4
80e16ff8 T spi_sharepin_cfg
80e1702c T spi_setup_slave
80e171d4 T spi_free_slave
80e171d8 T spi_cs_activate
80e171f0 T spi_claim_bus
80e171f8 T spi_release_bus
80e171fc T ak_spi_read_cpu
80e17358 T ak_spi_write_cpu
80e174dc T ak_spi_write_internal
80e175cc T ak_spi_read_internal
80e1771c T ak_spi_write
80e177e8 T ak_spi_read
80e178a0 T spi_xfer
80e17988 t rgb_panel_info_cfg
80e17c04 t mipi_panel_cmd_setting
80e17e3c t mpu_recover_buswidth.isra.4
80e17e5c t mpu_set_16bit_buswidth.isra.7
80e17e8c t mpu_write_reg
80e17ed8 t mpu_read_reg.isra.8
80e17f94 T ak_get_asic_pll_clk
80e17fc8 T ak_lcd_parameter_parse_dt1
80e18520 T ak_lcd_parameter_parse_dt2
80e189d8 T ak_lcd_parameter_parse_dt3
80e18b94 T lcd_ctrl_init
80e197f0 T lcd_enable
80e19a40 T lcd_disable
80e19a68 T wdt_enable
80e19a90 T wdt_keepalive
80e19acc t downcase
80e19afc t disk_read
80e19b60 t dirdelim
80e19b90 t get_fatent
80e19cec t mkcksum
80e19d3c t get_cluster
80e19eac t get_name
80e19f58 t read_bootsectandvi
80e1a07c t slot2str
80e1a138 t get_vfatname
80e1a2e8 T fat_set_blk_dev
80e1a3b4 T do_fat_read_at
80e1ae84 T do_fat_read
80e1aeac T file_fat_detectfs
80e1aff4 T file_fat_ls
80e1b004 T file_fat_read_at
80e1b04c T fat_read_file
80e1b088 T fat_close
80e1b08c t fs_probe_unsupported
80e1b0a4 t fs_ls_unsupported
80e1b0ac t fs_read_unsupported
80e1b0b4 t fs_write_unsupported
80e1b0bc t fs_close_unsupported
80e1b0c0 t fs_get_info
80e1b0e0 t fs_close
80e1b108 T fs_set_blk_dev
80e1b1a8 T fs_ls
80e1b1e4 T fs_read
80e1b268 T do_load
80e1b448 T do_ls
80e1b4b0 T fdt_check_header
80e1b574 T fdt_offset_ptr
80e1b600 T fdt_next_tag
80e1b724 T _fdt_check_node_offset
80e1b760 T _fdt_check_prop_offset
80e1b79c T fdt_next_node
80e1b854 T _fdt_find_string
80e1b8b0 T fdt_move
80e1b90c t _nextprop
80e1b968 T fdt_string
80e1b990 T fdt_get_mem_rsv
80e1ba58 T fdt_num_mem_rsv
80e1badc T fdt_subnode_offset_namelen
80e1bbb0 T fdt_get_name
80e1bc38 T fdt_first_property_offset
80e1bc58 T fdt_next_property_offset
80e1bc78 T fdt_get_property_by_offset
80e1bcf4 T fdt_get_property_namelen
80e1bda8 T fdt_get_property
80e1bde4 T fdt_getprop_namelen
80e1be04 T fdt_getprop
80e1be40 T fdt_get_alias_namelen
80e1be88 T fdt_path_offset
80e1bf74 T fdt_supernode_atdepth_offset
80e1c02c T fdt_node_depth
80e1c054 T fdt_stringlist_contains
80e1c0d0 T fdt_node_check_compatible
80e1c110 T fdt_node_offset_by_compatible
80e1c184 t _fdt_blocks_misordered
80e1c250 t _fdt_splice
80e1c304 t _fdt_splice_mem_rsv
80e1c3ac t _fdt_splice_struct
80e1c448 t _fdt_packblocks
80e1c590 t _fdt_add_property
80e1c764 t _fdt_rw_check_header
80e1c7ec T fdt_add_mem_rsv
80e1c8d8 T fdt_del_mem_rsv
80e1c948 T fdt_setprop
80e1ca2c T fdt_delprop
80e1ca90 T fdt_add_subnode_namelen
80e1cb94 T fdt_add_subnode
80e1cbc4 T fdt_del_node
80e1cc38 T fdt_open_into
80e1ce84 T fdt_strerror
80e1cedc T _fdt_node_end_offset
80e1cf20 T cyg_crc16
80e1cf68 T crc32_no_comp
80e1d040 T crc32
80e1d054 T crc32_wd
80e1d058 T print_size
80e1d188 T print_buffer
80e1d338 T __div64_32
80e1d408 t get_prop_check_min_len
80e1d444 T fdtdec_get_int
80e1d494 T fdtdec_get_valoffset_int
80e1d4ec T fdtdec_get_is_enabled
80e1d528 T fdtdec_next_compatible
80e1d538 T fdtdec_next_compatible_subnode_sta
80e1d5c0 T fdtdec_prepare_fdt
80e1d604 T fdtdec_check_fdt
80e1d614 T fdtdec_get_int_array
80e1d688 T fdtdec_get_bool
80e1d6a4 T fdtdec_get_config_int
80e1d6e4 T fdtdec_get_config_string
80e1d720 T hang
80e1d73c t cmpkey
80e1d750 t _hdelete.isra.1
80e1d7a0 t drop_var_from_set.part.2
80e1d7f0 t match_string.isra.3
80e1d850 T hcreate_r
80e1d900 T hdestroy_r
80e1d978 T hmatch_r
80e1da18 T hsearch_r
80e1def4 T hdelete_r
80e1dfcc T hexport_r
80e1e2dc T himport_r
80e1e628 T hwalk_r
80e1e680 T skip_spaces
80e1e6a8 T strim
80e1e708 t lmb_add_region
80e1e8ac T lmb_init
80e1e8d4 T lmb_add
80e1e8d8 T lmb_free
80e1e9dc T lmb_reserve
80e1e9e4 T lmb_overlaps_region
80e1ea3c T __lmb_alloc_base
80e1eb44 T lmb_alloc_base
80e1eb78 T lmb_alloc
80e1eb80 T __board_lmb_reserve
80e1eb80 W board_lmb_reserve
80e1eb84 t byteReverse
80e1ebb8 t MD5Transform
80e1f5e8 t MD5Update
80e1f6c8 t MD5Final
80e1f794 T md5
80e1f7fc T string_to_ip
80e1f870 T qsort
80e1f948 T strcmp_compar
80e1f954 T strcpy
80e1f96c T strncpy
80e1f990 T strcmp
80e1f9bc T strncmp
80e1f9fc T strchr
80e1fa28 T strlen
80e1fa48 T strnlen
80e1fa74 T strdup
80e1fab4 T strspn
80e1faf0 T strpbrk
80e1fb2c T strtok
80e1fbb4 T memset
80e1fc10 T memcpy
80e1fc7c T memmove
80e1fcc4 T memcmp
80e1fcf4 T strstr
80e1fd60 T memchr
80e1fd90 T udelay
80e1fdc0 T mdelay
80e1fde4 t put_dec_trunc
80e1fed0 t put_dec
80e2001c t string.isra.0
80e200b0 t number.isra.4
80e202fc t vsnprintf_internal.isra.6
80e20910 T simple_strtoul
80e209c8 T strict_strtoul
80e20a40 T simple_strtol
80e20a68 T simple_strtoull
80e20b44 T vsprintf
80e20b48 T sprintf
80e20b70 T panic
80e20bb4 T simple_itoa
80e20c08 T ArpInit
80e20c58 T arp_raw_request
80e20d1c T ArpRequest
80e20dc0 T ArpTimeoutCheck
80e20e44 t BootpHandler
80e211bc T BootpRequest
80e213d8 t BootpTimeout
80e21420 t eth_current_changed
80e21480 T eth_parse_enetaddr
80e214d4 T eth_getenv_enetaddr
80e21530 T eth_getenv_enetaddr_by_index
80e21580 T eth_get_dev_index
80e2159c T eth_halt
80e215cc T eth_send
80e21604 T eth_rx
80e21628 T eth_try_another
80e216ac T eth_init
80e2178c T eth_set_current
80e21830 T eth_get_name
80e21850 t startAgainTimeout
80e21864 t dummy_handler
80e21868 t net_clear_handlers
80e2189c T net_auto_load
80e218d4 T NetStartAgain
80e21a28 T net_set_udp_handler
80e21a48 T NetSetTimeout
80e21a98 T NetCksum
80e21acc T NetEthHdrSize
80e21b0c T NetSetEther
80e21bb4 T net_set_ip_header
80e21c3c T net_set_udp_header
80e21ce4 T NetSendUDPPacket
80e21df0 T copy_filename
80e21e34 t on_bootfile
80e21e60 T ip_to_string
80e21eb4 T string_to_VLAN
80e21f0c T getenv_VLAN
80e21f1c t NetInitLoop
80e2200c T net_init
80e22084 T NetLoop
80e223a8 t ping_timeout
80e223c4 T ping_start
80e224f0 t TftpSend
80e226b8 t TftpHandler
80e22a4c t TftpTimeout
80e22ad4 T TftpStart
80e22e04 t _TEXT_BASE
80e22e08 T lowlevel_init
80e22e34 T board_early_init_f
80e22e44 T board_init
80e22e5c T dram_init
80e22e7c t spl_memsize_parse
80e22efc T flash_init
80e22fd0 T write_buff
80e23010 T spl_device_parse
80e2344c T get_mtdparts_by_partition_name
80e234c8 T get_mtdparts_by_partition_flash_offset
80e23564 T read_logo_data
80e23624 T read_dtb_data
80e236e4 T raise
80e23700 T __udivsi3
80e23700 t .udivsi3_skip_div0_test
80e23700 t __aeabi_uidiv
80e237a8 t __aeabi_uidivmod
80e237c8 T __divsi3
80e237c8 t __aeabi_idiv
80e237d0 t .divsi3_skip_div0_test
80e238a4 t __aeabi_idivmod
80e238c4 T __lshrdi3
80e238c4 t __aeabi_llsr
80e238e0 T __ashldi3
80e238e0 t __aeabi_llsl
80e238fc t __aeabi_uldivmod
80e23938 t __aeabi_idiv0
80e23938 t __aeabi_ldiv0
80e23948 T __gnu_ldivmod_helper
80e23984 t __gnu_uldivmod_helper
80e239c0 t __divdi3
80e23b1c t __udivdi3
80e23da0 r CSWTCH.28
80e23dc0 r block_drvr
80e23dd0 r boot_os
80e23de8 r compat_names
80e23e9c r crc_table
80e2429c r env_flags_varaccess_mask
80e242ac r ext_csd_bits.7035
80e242b8 r ext_to_hostcaps.7036
80e242c4 r fdt_errtable
80e242f8 r gpio_pin_dir_reg
80e24304 r gpio_pin_out_reg
80e24310 r spi_buses
80e24318 r spi_flash_params_table
80e24b68 r stage_name
80e24b78 r uimage_arch
80e24c80 r uimage_comp
80e24cc8 r uimage_os
80e24d28 r uimage_type
80e24e00 r widths.7037
80e24e0c r Ipsf
80e24e8c r crc16_tab
80e2509a r CSWTCH.62
80e250b0 r Clip8
80e254b0 r Zig
80e254f0 r __FUNCTION__.6398
80e25500 r __FUNCTION__.7377
80e25517 r __func__.6428
80e25526 r __func__.6566
80e25530 r __func__.6616
80e25538 r __func__.6629
80e25548 r __func__.6646
80e25553 r __func__.6658
80e2555b r __func__.6682
80e25565 r __func__.6796
80e25573 r __func__.6830
80e25581 r __func__.6873
80e25597 r __func__.6890
80e255ac r __func__.6900
80e255bc r __func__.6905
80e255c9 r __func__.7063
80e255d8 r __func__.7124
80e255e7 r __func__.7134
80e25601 r __func__.7142
80e25614 r __func__.7147
80e2562b r __func__.7161
80e25645 r __func__.7230
80e2565f r __func__.7249
80e2566d r __func__.7346
80e2567b r __func__.7374
80e25689 r __func__.7740
80e2569e r __func__.7748
80e256b0 r __func__.7844
80e256c1 r __func__.7852
80e256d3 r __func__.7871
80e256e2 R _ctype
80e257e2 R default_environment
80e25cc5 r delims.6503
80e25cc8 r digits.6507
80e25cd8 r env_flags_varaccess_rep
80e25cdd r env_flags_vartype_rep
80e25ce4 r erase_seq
80e25ce8 r hex_asc
80e25cf9 r names.6508
80e2dcb9 r tab_seq
80e2dcc2 V version_string
80e2dd0c d L2_INFO_TABLE
80e2dd2c d DEVICE_INFO_TABLE
80e2ddb4 D init_sequence
80e2dde4 d bootm_help_text
80e2e170 d cmd_bootm_sub
80e2e26c d tabs.7235
80e2e28d d root.7152
80e2e28f d fdt_help_text
80e2e874 d dp_last_length
80e2e878 d curr_device
80e2e87c d mtdparts_help_text
80e2ed4f d env_help_text
80e2ef40 d env_id
80e2ef44 d cmd_env_sub
80e2f024 d av_
80e2f42c d sbrk_base
80e2f430 d trim_threshold
80e2f434 D env_htab
80e2f444 D load_addr
80e2f448 d hist_cur
80e2f44c D stdio_names
80e2f458 D ak_gpio_sharepin_as_gpio
80e2fc08 d cur_dev_num
80e2fc0c d status_reg_list
80e2fec4 d status_reg_list
80e2ff74 D ak39_serial0_device
80e2ffa4 D ak39_serial1_device
80e2ffd4 D panel_info
80e30040 d fstypes
80e30070 d first_call.6685
80e30074 D NetOurNativeVLAN
80e30076 D NetBcastAddr
80e3007c D NetOurVLAN
80e30080 d TftpTimeoutCountMax
80e30084 D TftpRRQTimeoutCountMax
80e30088 d TftpBlkSizeOption
80e3008c d TftpTimeoutMSecs
80e30090 d TftpBlkSize
80e300a0 D _u_boot_list_2_cmd_2_base
80e300a0 d start.6396
80e300a0 d start.6400
80e300a0 d start.6445
80e300a0 d start.6449
80e300a0 d start.6476
80e300a0 d start.6480
80e300bc D _u_boot_list_2_cmd_2_bootm
80e300d8 D _u_boot_list_2_cmd_2_bootp
80e300f4 D _u_boot_list_2_cmd_2_chpart
80e30110 D _u_boot_list_2_cmd_2_cls
80e3012c D _u_boot_list_2_cmd_2_cmp
80e30148 D _u_boot_list_2_cmd_2_cp
80e30164 D _u_boot_list_2_cmd_2_crc32
80e30180 D _u_boot_list_2_cmd_2_env
80e3019c D _u_boot_list_2_cmd_2_fatinfo
80e301b8 D _u_boot_list_2_cmd_2_fatload
80e301d4 D _u_boot_list_2_cmd_2_fatls
80e301f0 D _u_boot_list_2_cmd_2_fdt
80e3020c D _u_boot_list_2_cmd_2_format
80e30228 D _u_boot_list_2_cmd_2_go
80e30244 D _u_boot_list_2_cmd_2_help
80e30260 D _u_boot_list_2_cmd_2_loadb
80e3027c D _u_boot_list_2_cmd_2_loadx
80e30298 D _u_boot_list_2_cmd_2_loady
80e302b4 D _u_boot_list_2_cmd_2_loop
80e302d0 D _u_boot_list_2_cmd_2_md
80e302ec D _u_boot_list_2_cmd_2_mm
80e30308 D _u_boot_list_2_cmd_2_mmc
80e30324 D _u_boot_list_2_cmd_2_mmcinfo
80e30340 D _u_boot_list_2_cmd_2_mtdparts
80e3035c D _u_boot_list_2_cmd_2_mw
80e30378 D _u_boot_list_2_cmd_2_nm
80e30394 D _u_boot_list_2_cmd_2_ping
80e303b0 D _u_boot_list_2_cmd_2_printenv
80e303cc D _u_boot_list_2_cmd_2_question_mark
80e303e8 D _u_boot_list_2_cmd_2_reset
80e30404 D _u_boot_list_2_cmd_2_run
80e30420 D _u_boot_list_2_cmd_2_saveenv
80e3043c D _u_boot_list_2_cmd_2_sd_upgrade
80e30458 D _u_boot_list_2_cmd_2_setenv
80e30474 D _u_boot_list_2_cmd_2_sf
80e30490 D _u_boot_list_2_cmd_2_tftpboot
80e304ac D _u_boot_list_2_cmd_2_uuid_check
80e304c8 D _u_boot_list_2_cmd_2_version
80e304e4 D _u_boot_list_2_env_clbk_2_baudrate
80e304e4 d end.6403
80e304e4 d end.6452
80e304e4 d end.6483
80e304e4 d start.6539
80e304e4 d start.6546
80e304ec D _u_boot_list_2_env_clbk_2_bootfile
80e304f4 D _u_boot_list_2_env_clbk_2_callbacks
80e304fc D _u_boot_list_2_env_clbk_2_console
80e30504 D _u_boot_list_2_env_clbk_2_flags
80e3050c D _u_boot_list_2_env_clbk_2_loadaddr
80e30514 B __bss_base
80e30514 B __bss_start
80e30514 D __image_copy_end
80e30514 D __rel_dyn_start
80e30514 b s_L2_DMA
80e30514 d end.6542
80e30714 b IRQ_HANDLER
80e30814 B part_num
80e30818 B monitor_flash_len
80e3081c b params
80e30820 B images
80e30950 b data.7126
80e30d50 B working_fdt
80e30d54 b send_parms
80e30d68 b os_data_addr_saved
80e30d6c b his_pad_char
80e30d6d b a_b
80e30d88 b os_data_char
80e30d8c b os_data_state
80e30d90 b k_data_escape
80e30d94 b os_data_state_saved
80e30d98 b os_data_addr
80e30d9c b send_ptr
80e30da0 b his_pad_count
80e30da4 b bin_start_address
80e30da8 b his_quote
80e30dac b os_data_init
80e30db0 b his_eol
80e30db4 b k_data_escape_saved
80e30db8 b dp_last_addr
80e30dbc b base_address
80e30dc0 b mm_last_size
80e30dc4 b mm_last_addr
80e30dc8 b dp_last_size
80e30dcc b last_ids
80e30e4c B current_mtd_dev
80e30e50 b last_partition
80e30e60 b last_parts
80e31060 B current_mtd_partnum
80e31064 b mtdids
80e3106c b devices
80e31074 b initialized.7339
80e31078 b flash
80e3107c b tmp_buf
80e3127c b tmp_buf.6466
80e3147c b ctrlc_was_pressed
80e31480 b ctrlc_disabled
80e31484 b max_total_mem
80e31488 B mem_malloc_brk
80e3148c b max_sbrked_mem
80e31490 b current_mallinfo
80e314b8 B mem_malloc_end
80e314bc b top_pad
80e314c0 B mem_malloc_start
80e314c4 B env_flash
80e314c8 b console_col
80e314cc b lcd_base
80e314d0 b console_row
80e314d4 b lcd_console_address
80e314d8 b lcd_color_fg
80e314dc B lcd_line_length
80e314e0 b lcd_color_bg
80e314e4 B lcd_is_enabled
80e314e5 b lcd_flush_dcache
80e314e8 b hist_list
80e31538 b hist_lines
80e33d4c b hist_max
80e33d50 b hist_add_idx
80e33d54 b lastcommand.7240
80e33f54 b initted.7375
80e33f58 b hist_num
80e33f5c B console_buffer
80e34160 b devs
80e3419c B stdio_devices
80e341a8 b xyz
80e345dc b mmc_devices
80e345e8 b sdhsmmc_dev
80e34a38 B g_power_on_pin
80e34a3c b sdhsmmc_dev_data
80e34a6c B mtd_table
80e34aec b flash_QE_flag
80e34af0 B sflash_mtd
80e34ba0 b l2_uartbuffer_offset
80e34ba4 b serial_devices
80e34ba8 b serial_current
80e34bac B fb_dev
80e34bc0 B do_fat_read_at_block
80e35d5c R __rel_dyn_end
80e35d5c R _end
80e44bc0 B get_dentfromdir_block
80e54bc0 b cur_part_info
80e54c40 B get_contents_vfatname_block
80e64c40 b cur_dev
80e64c44 b fs_partition
80e64c94 b fs_type
80e64c98 b fs_dev_desc
80e64c9c B errno
80e64ca0 B ___strtok
80e64ca4 b local.6686
80e64cbc B NetArpWaitPacketIP
80e64cc0 B NetArpWaitTimerStart
80e64cc4 b NetArpWaitReplyIP
80e64cc8 B NetArpWaitTxPacketSize
80e64ccc B NetArpWaitTry
80e64cd0 b NetArpTxPacket
80e64cd4 b NetArpPacketBuf
80e65314 B NetArpWaitPacketMAC
80e65318 B BootpTry
80e6531c B BootpID
80e65320 b first_failed.7075
80e65324 B eth_current
80e65328 b env_changed_id.7081
80e6532c b act.7080
80e65330 b eth_devices
80e65334 B NetOurEther
80e6533c B NetServerIP
80e65340 b NetRestarted
80e65344 B net_state
80e65348 B NetRxPackets
80e66ab8 B NetBootFileSize
80e66aba B NetEtherNullAddr
80e66ac0 B NetRxPacket
80e66ac4 b udp_packet_handler
80e66ac8 b NetDevExists
80e66acc b timeStart
80e66ad0 b timeHandler
80e66ad4 b NetTryCount
80e66ad8 b env_changed_id.6674
80e66adc B NetOurDNSIP
80e66ae0 B NetOurSubnetMask
80e66ae4 B NetTxPacket
80e66ae8 B NetBootFileXferSize
80e66aec B NetOurIP
80e66af0 B NetOurHostName
80e66b10 B NetOurNISDomain
80e66b30 B NetIPID
80e66b34 B NetOurGatewayIP
80e66b38 b arp_packet_handler
80e66b3c b timeDelta
80e66b40 B NetRestartWrap
80e66b44 B BootFile
80e66bc4 B NetServerEther
80e66bca b PktBuf
81099a0a B NetOurRootPath
81099a4c B NetPingIP
81099a50 b PingSeqNo
81099a54 b time_start
81099a58 b TftpTimeoutCount
81099a5c b TftpBlockWrap
81099a60 b TftpBlock
81099a64 b TftpOurPort
81099a68 b TftpRemoteIP
81099a6c b TftpState
81099a70 b TftpRemotePort
81099a74 b default_filename
81099a81 b tftp_filename
81099b04 b TftpBlockWrapOffset
81099b08 b TftpLastBlock
81099b0c B spl_mtdparts
81099b5c B flash_info
810a3b88 B __bss_end
810a3b88 B __bss_limit
