Archive member included to satisfy reference by file (symbol)

/home/leo/workspace/FF_Indoor/AK37E_SDK_V1.05/tools/arm-anykav500-linux-uclibcgnueabi/bin/../lib/gcc/arm-anykav500-linux-uclibcgnueabi/4.9.4/libgcc.a(_udivsi3.o)
                              arch/arm/cpu/arm926ejs/ak37e/libak37e.o (__aeabi_uidiv)
/home/leo/workspace/FF_Indoor/AK37E_SDK_V1.05/tools/arm-anykav500-linux-uclibcgnueabi/bin/../lib/gcc/arm-anykav500-linux-uclibcgnueabi/4.9.4/libgcc.a(_divsi3.o)
                              common/libcommon.o (__aeabi_idiv)
/home/leo/workspace/FF_Indoor/AK37E_SDK_V1.05/tools/arm-anykav500-linux-uclibcgnueabi/bin/../lib/gcc/arm-anykav500-linux-uclibcgnueabi/4.9.4/libgcc.a(_lshrdi3.o)
                              common/libcommon.o (__aeabi_llsr)
/home/leo/workspace/FF_Indoor/AK37E_SDK_V1.05/tools/arm-anykav500-linux-uclibcgnueabi/bin/../lib/gcc/arm-anykav500-linux-uclibcgnueabi/4.9.4/libgcc.a(_ashldi3.o)
                              lib/libgeneric.o (__aeabi_llsl)
/home/leo/workspace/FF_Indoor/AK37E_SDK_V1.05/tools/arm-anykav500-linux-uclibcgnueabi/bin/../lib/gcc/arm-anykav500-linux-uclibcgnueabi/4.9.4/libgcc.a(_aeabi_uldivmod.o)
                              arch/arm/cpu/arm926ejs/ak37e/libak37e.o (__aeabi_uldivmod)
/home/leo/workspace/FF_Indoor/AK37E_SDK_V1.05/tools/arm-anykav500-linux-uclibcgnueabi/bin/../lib/gcc/arm-anykav500-linux-uclibcgnueabi/4.9.4/libgcc.a(_dvmd_lnx.o)
                              /home/leo/workspace/FF_Indoor/AK37E_SDK_V1.05/tools/arm-anykav500-linux-uclibcgnueabi/bin/../lib/gcc/arm-anykav500-linux-uclibcgnueabi/4.9.4/libgcc.a(_udivsi3.o) (__aeabi_idiv0)
/home/leo/workspace/FF_Indoor/AK37E_SDK_V1.05/tools/arm-anykav500-linux-uclibcgnueabi/bin/../lib/gcc/arm-anykav500-linux-uclibcgnueabi/4.9.4/libgcc.a(bpabi.o)
                              /home/leo/workspace/FF_Indoor/AK37E_SDK_V1.05/tools/arm-anykav500-linux-uclibcgnueabi/bin/../lib/gcc/arm-anykav500-linux-uclibcgnueabi/4.9.4/libgcc.a(_aeabi_uldivmod.o) (__gnu_uldivmod_helper)
/home/leo/workspace/FF_Indoor/AK37E_SDK_V1.05/tools/arm-anykav500-linux-uclibcgnueabi/bin/../lib/gcc/arm-anykav500-linux-uclibcgnueabi/4.9.4/libgcc.a(_divdi3.o)
                              /home/leo/workspace/FF_Indoor/AK37E_SDK_V1.05/tools/arm-anykav500-linux-uclibcgnueabi/bin/../lib/gcc/arm-anykav500-linux-uclibcgnueabi/4.9.4/libgcc.a(bpabi.o) (__divdi3)
/home/leo/workspace/FF_Indoor/AK37E_SDK_V1.05/tools/arm-anykav500-linux-uclibcgnueabi/bin/../lib/gcc/arm-anykav500-linux-uclibcgnueabi/4.9.4/libgcc.a(_udivdi3.o)
                              /home/leo/workspace/FF_Indoor/AK37E_SDK_V1.05/tools/arm-anykav500-linux-uclibcgnueabi/bin/../lib/gcc/arm-anykav500-linux-uclibcgnueabi/4.9.4/libgcc.a(bpabi.o) (__udivdi3)

Discarded input sections

 .data          0x0000000000000000        0x0 arch/arm/cpu/arm926ejs/start.o
 .bss           0x0000000000000000        0x0 arch/arm/cpu/arm926ejs/start.o
 .text          0x0000000000000000       0xc4 arch/arm/cpu/arm926ejs/ak37e/libak37e.o
 .text.reset_timer_masked
                0x0000000000000000       0x2c arch/arm/cpu/arm926ejs/ak37e/libak37e.o
 .text.get_tbclk
                0x0000000000000000        0x8 arch/arm/cpu/arm926ejs/ak37e/libak37e.o
 .text.spl_board_init
                0x0000000000000000        0x4 arch/arm/cpu/arm926ejs/ak37e/libak37e.o
 .text.spl_boot_mode
                0x0000000000000000        0x8 arch/arm/cpu/arm926ejs/ak37e/libak37e.o
 .text.spl_boot_device
                0x0000000000000000        0x8 arch/arm/cpu/arm926ejs/ak37e/libak37e.o
 .text.dma_init
                0x0000000000000000       0x18 arch/arm/cpu/arm926ejs/ak37e/libak37e.o
 .text.test_init_serial
                0x0000000000000000       0x64 arch/arm/cpu/arm926ejs/ak37e/libak37e.o
 .text.test_putc
                0x0000000000000000       0x68 arch/arm/cpu/arm926ejs/ak37e/libak37e.o
 .text.test_print
                0x0000000000000000       0x20 arch/arm/cpu/arm926ejs/ak37e/libak37e.o
 .text.sysctl_clock
                0x0000000000000000       0xc0 arch/arm/cpu/arm926ejs/ak37e/libak37e.o
 .text.sysctl_get_clock_state
                0x0000000000000000       0x58 arch/arm/cpu/arm926ejs/ak37e/libak37e.o
 .text.sysctl_reset
                0x0000000000000000       0x28 arch/arm/cpu/arm926ejs/ak37e/libak37e.o
 .rodata.clock_value_tbl
                0x0000000000000000       0x48 arch/arm/cpu/arm926ejs/ak37e/libak37e.o
 .data          0x0000000000000000        0x0 arch/arm/cpu/arm926ejs/ak37e/libak37e.o
 .bss           0x0000000000000000        0x0 arch/arm/cpu/arm926ejs/ak37e/libak37e.o
 .text          0x0000000000000000        0x0 arch/arm/cpu/arm926ejs/libarm926ejs.o
 .text.invalidate_dcache_all
                0x0000000000000000        0xc arch/arm/cpu/arm926ejs/libarm926ejs.o
 .text.invalidate_dcache_range
                0x0000000000000000       0x34 arch/arm/cpu/arm926ejs/libarm926ejs.o
 .data          0x0000000000000000        0x0 arch/arm/cpu/arm926ejs/libarm926ejs.o
[...]
Memory Configuration

Name             Origin             Length             Attributes
*default*        0x0000000000000000 0xffffffffffffffff

Linker script and memory map

                0x0000000000000000                . = 0x0
                0x0000000000000000                . = ALIGN (0x4)

.text           0x0000000080dffe00    0x23e20
 *(.__image_copy_start)
 .__image_copy_start
                0x0000000080dffe00        0x0 arch/arm/lib/libarm.o
                0x0000000080dffe00                __image_copy_start
 arch/arm/cpu/arm926ejs/start.o(.text*)
 .text          0x0000000080dffe00      0x568 arch/arm/cpu/arm926ejs/start.o
                0x0000000080dffe00                _NOR_BOOT_CFG
                0x0000000080dffe00                _start
                0x0000000080e00040                _TEXT_BASE
                0x0000000080e00044                _bss_start_ofs
                0x0000000080e00048                _bss_end_ofs
                0x0000000080e0004c                _end_ofs
                0x0000000080e00050                IRQ_STACK_START
                0x0000000080e00054                FIQ_STACK_START
                0x0000000080e00058                IRQ_STACK_START_IN
                0x0000000080e00074                c_runtime_cpu_setup
 *(.text*)
 .text.timer_init
                0x0000000080e00368       0x20 arch/arm/cpu/arm926ejs/ak37e/libak37e.o
                0x0000000080e00368                timer_init
 .text.get_ticks
                0x0000000080e00388       0x54 arch/arm/cpu/arm926ejs/ak37e/libak37e.o
                0x0000000080e00388                get_ticks
 .text.get_timer_masked
                0x0000000080e003dc       0x1c arch/arm/cpu/arm926ejs/ak37e/libak37e.o
                0x0000000080e003dc                get_timer_masked
 .text.get_timer
                0x0000000080e003f8       0x14 arch/arm/cpu/arm926ejs/ak37e/libak37e.o
                0x0000000080e003f8                get_timer
 .text.udelay_masked
                0x0000000080e0040c       0xac arch/arm/cpu/arm926ejs/ak37e/libak37e.o
                0x0000000080e0040c                udelay_masked
 .text.__udelay
                0x0000000080e004b8        0x4 arch/arm/cpu/arm926ejs/ak37e/libak37e.o
                0x0000000080e004b8                __udelay
 .text.clk_get_core_pll_freq
                0x0000000080e004bc       0x38 arch/arm/cpu/arm926ejs/ak37e/libak37e.o
                0x0000000080e004bc                clk_get_core_pll_freq
 .text.get_vclk
                0x0000000080e004f4       0x28 arch/arm/cpu/arm926ejs/ak37e/libak37e.o
                0x0000000080e004f4                get_vclk
 .text.get_asic_freq
                0x0000000080e0051c       0x28 arch/arm/cpu/arm926ejs/ak37e/libak37e.o
                0x0000000080e0051c                get_asic_freq
 .text.l2_frac_dma
                0x0000000080e00544       0xb0 arch/arm/cpu/arm926ejs/ak37e/libak37e.o
 .text.l2_get_addr
                0x0000000080e005f4       0x60 arch/arm/cpu/arm926ejs/ak37e/libak37e.o
 .text.l2_cpu   0x0000000080e00654      0x21c arch/arm/cpu/arm926ejs/ak37e/libak37e.o
 .text.l2_init  0x0000000080e00870       0x50 arch/arm/cpu/arm926ejs/ak37e/libak37e.o
                0x0000000080e00870                l2_init
 .text.l2_get_status
                0x0000000080e008c0       0x34 arch/arm/cpu/arm926ejs/ak37e/libak37e.o
                0x0000000080e008c0                l2_get_status
 .text.l2_combuf_cpu
                0x0000000080e008f4       0xf0 arch/arm/cpu/arm926ejs/ak37e/libak37e.o
                0x0000000080e008f4                l2_combuf_cpu
 .text.l2_combuf_cpu_frac
                0x0000000080e009e4       0x20 arch/arm/cpu/arm926ejs/ak37e/libak37e.o
                0x0000000080e009e4                l2_combuf_cpu_frac
 .text.l2_combuf_dma
                0x0000000080e00a04      0x1f0 arch/arm/cpu/arm926ejs/ak37e/libak37e.o
                0x0000000080e00a04                l2_combuf_dma
 .text.l2_set_status
                0x0000000080e00bf4       0x3c arch/arm/cpu/arm926ejs/ak37e/libak37e.o
                0x0000000080e00bf4                l2_set_status
 .text.l2_clr_status
                0x0000000080e00c30       0x34 arch/arm/cpu/arm926ejs/ak37e/libak37e.o
                0x0000000080e00c30                l2_clr_status
 .text.l2_clear_dma
                0x0000000080e00c64      0x100 arch/arm/cpu/arm926ejs/ak37e/libak37e.o
 .text.l2_combuf_wait_dma_finish
                0x0000000080e00d64      0x168 arch/arm/cpu/arm926ejs/ak37e/libak37e.o
                0x0000000080e00d64                l2_combuf_wait_dma_finish
 .text.l2_alloc
                0x0000000080e00ecc      0x154 arch/arm/cpu/arm926ejs/ak37e/libak37e.o
                0x0000000080e00ecc                l2_alloc
 .text.l2_free  0x0000000080e01020       0xe4 arch/arm/cpu/arm926ejs/ak37e/libak37e.o
                0x0000000080e01020                l2_free
 .text.ak39_soft_reset
                0x0000000080e01104       0x68 arch/arm/cpu/arm926ejs/ak37e/libak37e.o
                0x0000000080e01104                ak39_soft_reset
 .text.ak_soft_reset
                0x0000000080e0116c        0x4 arch/arm/cpu/arm926ejs/ak37e/libak37e.o
                0x0000000080e0116c                ak_soft_reset
 .text.default_isr
                0x0000000080e01170       0x10 arch/arm/cpu/arm926ejs/ak37e/libak37e.o
 .text.ak_do_irq
                0x0000000080e01180       0x18 arch/arm/cpu/arm926ejs/ak37e/libak37e.o
                0x0000000080e01180                ak_do_irq
 .text.ak_irq_install_handler
                0x0000000080e01198       0x34 arch/arm/cpu/arm926ejs/ak37e/libak37e.o
                0x0000000080e01198                ak_irq_install_handler
 .text.ak_arch_interrupt_init
                0x0000000080e011cc       0x30 arch/arm/cpu/arm926ejs/ak37e/libak37e.o
                0x0000000080e011cc                ak_arch_interrupt_init
 .text.cleanup_before_linux
                0x0000000080e011fc       0x20 arch/arm/cpu/arm926ejs/libarm926ejs.o
                0x0000000080e011fc                cleanup_before_linux
 .text.flush_dcache_all
                0x0000000080e0121c       0x14 arch/arm/cpu/arm926ejs/libarm926ejs.o
                0x0000000080e0121c                flush_dcache_all
 .text.flush_dcache_range
                0x0000000080e01230       0x3c arch/arm/cpu/arm926ejs/libarm926ejs.o
                0x0000000080e01230                flush_dcache_range
 .text.flush_cache
                0x0000000080e0126c        0x8 arch/arm/cpu/arm926ejs/libarm926ejs.o
                0x0000000080e0126c                flush_cache
 .text.__l2_cache_disable
                0x0000000080e01274        0x4 arch/arm/cpu/arm926ejs/libarm926ejs.o
                0x0000000080e01274                l2_cache_disable
                0x0000000080e01274                __l2_cache_disable
 .text          0x0000000080e01278       0xe8 arch/arm/lib/libarm.o
                0x0000000080e01278                _main
                0x0000000080e012fc                relocate_code
 .text.__arch_cpu_init
                0x0000000080e01360        0x8 arch/arm/lib/libarm.o
                0x0000000080e01360                arch_cpu_init
                0x0000000080e01360                __arch_cpu_init
 .text.display_banner
                0x0000000080e01368       0x20 arch/arm/lib/libarm.o
 .text.init_baudrate
                0x0000000080e01388       0x2c arch/arm/lib/libarm.o
 .text.mark_bootstage
                0x0000000080e013b4       0x14 arch/arm/lib/libarm.o
 .text.__coloured_LED_init
                0x0000000080e013c8        0x4 arch/arm/lib/libarm.o
                0x0000000080e013c8                coloured_LED_init
                0x0000000080e013c8                __coloured_LED_init
 .text.__red_led_on
                0x0000000080e013cc        0x4 arch/arm/lib/libarm.o
                0x0000000080e013cc                __red_led_on
                0x0000000080e013cc                red_led_on
 .text.__dram_init_banksize
                0x0000000080e013d0       0x1c arch/arm/lib/libarm.o
                0x0000000080e013d0                __dram_init_banksize
                0x0000000080e013d0                dram_init_banksize
 .text.__power_init_board
                0x0000000080e013ec        0x8 arch/arm/lib/libarm.o
                0x0000000080e013ec                __power_init_board
                0x0000000080e013ec                power_init_board
 .text.board_init_f
                0x0000000080e013f4      0x14c arch/arm/lib/libarm.o
                0x0000000080e013f4                board_init_f
 .text.board_init_r
                0x0000000080e01540      0x168 arch/arm/lib/libarm.o
                0x0000000080e01540                board_init_r
 .text.boot_jump_linux
                0x0000000080e016a8       0xb8 arch/arm/lib/libarm.o
 .text.arch_lmb_reserve
                0x0000000080e01760       0x24 arch/arm/lib/libarm.o
                0x0000000080e01760                arch_lmb_reserve
 .text.setup_board_tags
                0x0000000080e01784        0x4 arch/arm/lib/libarm.o
                0x0000000080e01784                setup_board_tags
 .text.boot_prep_linux
                0x0000000080e01788      0x10c arch/arm/lib/libarm.o
 .text.do_bootm_linux
                0x0000000080e01894       0x5c arch/arm/lib/libarm.o
                0x0000000080e01894                do_bootm_linux
 .text.interrupt_init
                0x0000000080e018f0       0x40 arch/arm/lib/libarm.o
                0x0000000080e018f0                interrupt_init
 .text.enable_interrupts
                0x0000000080e01930       0x10 arch/arm/lib/libarm.o
                0x0000000080e01930                enable_interrupts
 .text.disable_interrupts
                0x0000000080e01940       0x1c arch/arm/lib/libarm.o
                0x0000000080e01940                disable_interrupts
 .text.bad_mode
                0x0000000080e0195c       0x10 arch/arm/lib/libarm.o
                0x0000000080e0195c                bad_mode
 .text.show_regs
                0x0000000080e0196c      0x13c arch/arm/lib/libarm.o
                0x0000000080e0196c                show_regs
 .text.do_undefined_instruction
                0x0000000080e01aa8       0x20 arch/arm/lib/libarm.o
                0x0000000080e01aa8                do_undefined_instruction
 .text.do_software_interrupt
                0x0000000080e01ac8       0x20 arch/arm/lib/libarm.o
                0x0000000080e01ac8                do_software_interrupt
 .text.do_prefetch_abort
                0x0000000080e01ae8       0x20 arch/arm/lib/libarm.o
                0x0000000080e01ae8                do_prefetch_abort
 .text.do_data_abort
                0x0000000080e01b08       0x20 arch/arm/lib/libarm.o
                0x0000000080e01b08                do_data_abort
 .text.do_not_used
                0x0000000080e01b28       0x20 arch/arm/lib/libarm.o
                0x0000000080e01b28                do_not_used
 .text.do_fiq   0x0000000080e01b48       0x20 arch/arm/lib/libarm.o
                0x0000000080e01b48                do_fiq
 .text.do_reset
                0x0000000080e01b68       0x34 arch/arm/lib/libarm.o
                0x0000000080e01b68                do_reset
 .text.__enable_caches
                0x0000000080e01b9c        0x4 arch/arm/lib/libarm.o
                0x0000000080e01b9c                enable_caches
                0x0000000080e01b9c                __enable_caches
 .text.cp_delay
                0x0000000080e01ba0       0x30 arch/arm/lib/libarm.o
 .text.icache_disable
                0x0000000080e01bd0       0x1c arch/arm/lib/libarm.o
                0x0000000080e01bd0                icache_disable
 .text.dcache_disable
                0x0000000080e01bec       0x28 arch/arm/lib/libarm.o
                0x0000000080e01bec                dcache_disable
 .text.do_go_exec
                0x0000000080e01c14       0x10 common/libcommon.o
                0x0000000080e01c14                do_go_exec
 .text.do_go    0x0000000080e01c24       0x6c common/libcommon.o
 .text.__arch_preboot_os
                0x0000000080e01c90        0x4 common/libcommon.o
                0x0000000080e01c90                arch_preboot_os
 .text.do_bootm_states.isra.16.constprop.17
                0x0000000080e01c94      0x8a4 common/libcommon.o
 .text.do_bootm
                0x0000000080e02538       0xf0 common/libcommon.o
                0x0000000080e02538                do_bootm
 .text.bootm_maybe_autostart
                0x0000000080e02628       0x78 common/libcommon.o
                0x0000000080e02628                bootm_maybe_autostart
 .text.do_fat_fsload
                0x0000000080e026a0       0x18 common/libcommon.o
                0x0000000080e026a0                do_fat_fsload
 .text.do_fat_ls
                0x0000000080e026b8       0x18 common/libcommon.o
 .text.do_fat_fsinfo
                0x0000000080e026d0       0x90 common/libcommon.o
 .text.fdt_valid
                0x0000000080e02760       0xf8 common/libcommon.o
 .text.is_printable_string
                0x0000000080e02858       0x98 common/libcommon.o
 .text.print_data
                0x0000000080e028f0      0x184 common/libcommon.o
 .text.set_working_fdt_addr
                0x0000000080e02a74       0x1c common/libcommon.o
                0x0000000080e02a74                set_working_fdt_addr
 .text.do_fdt   0x0000000080e02a90     0x1044 common/libcommon.o
 .text.do_help  0x0000000080e03ad4       0x48 common/libcommon.o
 .text.bin_data_init
                0x0000000080e03b1c       0x2c common/libcommon.o
 .text.k_data_save
                0x0000000080e03b48       0x4c common/libcommon.o
 .text.k_data_restore
                0x0000000080e03b94       0x4c common/libcommon.o
 .text.load_serial_ymodem
                0x0000000080e03be0      0x108 common/libcommon.o
 .text.getcxmodem
                0x0000000080e03ce8       0x20 common/libcommon.o
 .text.bin_data_char
                0x0000000080e03d08       0x2c common/libcommon.o
 .text.chk1.constprop.1
                0x0000000080e03d34       0x2c common/libcommon.o
 .text.s1_sendpacket.constprop.2
                0x0000000080e03d60       0x50 common/libcommon.o
 .text.do_load_serial_bin
                0x0000000080e03db0      0x7dc common/libcommon.o
 .text.read_envbk_spec
                0x0000000080e0458c       0xb0 common/libcommon.o
                0x0000000080e0458c                read_envbk_spec
 .text.do_format
                0x0000000080e0463c       0x20 common/libcommon.o
                0x0000000080e0463c                do_format
 .text.do_mem_base
                0x0000000080e0465c       0x40 common/libcommon.o
 .text.do_mem_mw
                0x0000000080e0469c       0xe4 common/libcommon.o
 .text.do_mem_cmp
                0x0000000080e04780      0x15c common/libcommon.o
 .text.do_mem_loop
                0x0000000080e048dc       0xec common/libcommon.o
 .text.do_mem_md
                0x0000000080e049c8       0xec common/libcommon.o
 .text.do_mem_cp
                0x0000000080e04ab4      0x130 common/libcommon.o
 .text.do_mem_crc
                0x0000000080e04be4       0x9c common/libcommon.o
                0x0000000080e04be4                do_mem_crc
 .text.mod_mem.isra.3
                0x0000000080e04c80      0x190 common/libcommon.o
 .text.do_mem_mm
                0x0000000080e04e10        0x8 common/libcommon.o
 .text.do_mem_nm
                0x0000000080e04e18        0x8 common/libcommon.o
 .text.do_mmcops
                0x0000000080e04e20      0x49c common/libcommon.o
 .text.do_mmcinfo
                0x0000000080e052bc      0x1b0 common/libcommon.o
 .text.part_delall
                0x0000000080e0546c       0x44 common/libcommon.o
 .text.memsize_parse
                0x0000000080e054b0       0x80 common/libcommon.o
 .text.memsize_format
                0x0000000080e05530       0x94 common/libcommon.o
 .text.generate_mtdparts_save.constprop.7
                0x0000000080e055c4      0x308 common/libcommon.o
 .text.device_delall.constprop.9
                0x0000000080e058cc       0x64 common/libcommon.o
 .text.get_mtd_info.constprop.10
                0x0000000080e05930       0x78 common/libcommon.o
 .text.part_validate
                0x0000000080e059a8      0x360 common/libcommon.o
 .text.device_find
                0x0000000080e05d08       0x4c common/libcommon.o
                0x0000000080e05d08                device_find
 .text.mtd_id_parse
                0x0000000080e05d54      0x11c common/libcommon.o
                0x0000000080e05d54                mtd_id_parse
 .text.mtd_part_info
                0x0000000080e05e70       0x98 common/libcommon.o
                0x0000000080e05e70                mtd_part_info
 .text.find_dev_and_part
                0x0000000080e05f08      0x1b0 common/libcommon.o
                0x0000000080e05f08                find_dev_and_part
 .text.index_partitions
                0x0000000080e060b8       0xbc common/libcommon.o
 .text.current_save
                0x0000000080e06174       0xbc common/libcommon.o
 .text.mtd_devices_init
                0x0000000080e06230       0x2c common/libcommon.o
 .text.device_del
                0x0000000080e0625c       0x7c common/libcommon.o
 .text.part_sort_add
                0x0000000080e062d8      0x11c common/libcommon.o
 .text.device_parse
                0x0000000080e063f4      0x5e8 common/libcommon.o
 .text.mtdparts_init
                0x0000000080e069dc      0x678 common/libcommon.o
                0x0000000080e069dc                mtdparts_init
 .text.do_chpart
                0x0000000080e07054       0xd4 common/libcommon.o
 .text.do_mtdparts
                0x0000000080e07128      0x5ec common/libcommon.o
 .text.netboot_common
                0x0000000080e07714      0x2c4 common/libcommon.o
 .text.do_bootp
                0x0000000080e079d8        0xc common/libcommon.o
 .text.do_tftpb
                0x0000000080e079e4       0x40 common/libcommon.o
                0x0000000080e079e4                do_tftpb
 .text.do_ping  0x0000000080e07a24       0x7c common/libcommon.o
 .text.do_env_delete
                0x0000000080e07aa0       0x9c common/libcommon.o
 .text.do_env_save
                0x0000000080e07b3c       0x14 common/libcommon.o
 .text.do_env   0x0000000080e07b50       0x64 common/libcommon.o
 .text.env_print
                0x0000000080e07bb4       0xc0 common/libcommon.o
 .text.do_env_print
                0x0000000080e07c74       0xc8 common/libcommon.o
 .text.do_env_import
                0x0000000080e07d3c      0x248 common/libcommon.o
 .text.do_env_default
                0x0000000080e07f84       0xa8 common/libcommon.o
 .text._do_env_set.isra.0
                0x0000000080e0802c      0x1b8 common/libcommon.o
 .text.do_env_set
                0x0000000080e081e4       0x1c common/libcommon.o
 .text.get_env_id
                0x0000000080e08200       0x10 common/libcommon.o
                0x0000000080e08200                get_env_id
 .text.setenv   0x0000000080e08210       0x58 common/libcommon.o
                0x0000000080e08210                setenv
 .text.setenv_ulong
                0x0000000080e08268       0x20 common/libcommon.o
                0x0000000080e08268                setenv_ulong
 .text.setenv_hex
                0x0000000080e08288       0x34 common/libcommon.o
                0x0000000080e08288                setenv_hex
 .text.do_env_export
                0x0000000080e082bc      0x26c common/libcommon.o
 .text.envmatch
                0x0000000080e08528       0x6c common/libcommon.o
                0x0000000080e08528                envmatch
 .text.getenv_f
                0x0000000080e08594       0xc8 common/libcommon.o
                0x0000000080e08594                getenv_f
 .text.getenv   0x0000000080e0865c       0x78 common/libcommon.o
                0x0000000080e0865c                getenv
 .text.getenv_hex
                0x0000000080e086d4       0x3c common/libcommon.o
                0x0000000080e086d4                getenv_hex
 .text.getenv_ulong
                0x0000000080e08710       0x30 common/libcommon.o
                0x0000000080e08710                getenv_ulong
 .text.partitions_mtdparts_parse
                0x0000000080e08740      0x1cc common/libcommon.o
 .text.upgrade_progress_bar_draw.part.0.constprop.7
                0x0000000080e0890c      0x108 common/libcommon.o
 .text.do_sd_upgrade
                0x0000000080e08a14      0x5c8 common/libcommon.o
                0x0000000080e08a14                do_sd_upgrade
 .text.upgarde_file_partitions_check
                0x0000000080e08fdc      0x128 common/libcommon.o
 .text.upgrade_file_data_partition_check
                0x0000000080e09104       0x10 common/libcommon.o
 .text.upgrade_file_tuya_partition_check
                0x0000000080e09114       0x10 common/libcommon.o
 .text.upgrade_file_app_partition_check
                0x0000000080e09124       0x10 common/libcommon.o
 .text.upgrade_file_usr_partition_check
                0x0000000080e09134       0x10 common/libcommon.o
 .text.upgrade_file_config_partition_check
                0x0000000080e09144       0x10 common/libcommon.o
 .text.upgrade_file_rootfs_partition_check
                0x0000000080e09154       0x10 common/libcommon.o
 .text.upgrade_file_logo_partition_check
                0x0000000080e09164       0x10 common/libcommon.o
 .text.upgrade_file_uImage_partition_check
                0x0000000080e09174       0x10 common/libcommon.o
 .text.upgrade_file_dtb_partition_check
                0x0000000080e09184       0x10 common/libcommon.o
 .text.upgrade_file_envbkimg_partition_check
                0x0000000080e09194       0x10 common/libcommon.o
 .text.upgrade_file_envimg_partition_check
                0x0000000080e091a4       0x10 common/libcommon.o
 .text.upgarde_file_uboot_partition_check
                0x0000000080e091b4       0x10 common/libcommon.o
 .text.do_spi_flash_probe
                0x0000000080e091c4      0x18c common/libcommon.o
 .text.show_time
                0x0000000080e09350       0xf4 common/libcommon.o
 .text.spi_test_next_stage
                0x0000000080e09444       0x44 common/libcommon.o
 .text.do_spi_flash
                0x0000000080e09488      0x7e8 common/libcommon.o
 .text.do_uuid_check
                0x0000000080e09c70      0x324 common/libcommon.o
 .text.do_version
                0x0000000080e09f94       0x38 common/libcommon.o
 .text.find_cmd_tbl
                0x0000000080e09fcc       0xa4 common/libcommon.o
                0x0000000080e09fcc                find_cmd_tbl
 .text.find_cmd
                0x0000000080e0a070       0x28 common/libcommon.o
                0x0000000080e0a070                find_cmd
 .text.cmd_usage
                0x0000000080e0a098       0x60 common/libcommon.o
                0x0000000080e0a098                cmd_usage
 .text._do_help
                0x0000000080e0a0f8      0x180 common/libcommon.o
                0x0000000080e0a0f8                _do_help
 .text.var_complete
                0x0000000080e0a278       0x7c common/libcommon.o
                0x0000000080e0a278                var_complete
 .text.cmd_auto_complete
                0x0000000080e0a2f4      0x470 common/libcommon.o
                0x0000000080e0a2f4                cmd_auto_complete
 .text.cmd_get_data_size
                0x0000000080e0a764       0x5c common/libcommon.o
                0x0000000080e0a764                cmd_get_data_size
 .text.cmd_process
                0x0000000080e0a7c0       0xbc common/libcommon.o
                0x0000000080e0a7c0                cmd_process
 .text.console_setfile
                0x0000000080e0a87c       0xa4 common/libcommon.o
 .text.fgetc    0x0000000080e0a920       0x24 common/libcommon.o
                0x0000000080e0a920                fgetc
 .text.ftstc    0x0000000080e0a944       0x24 common/libcommon.o
                0x0000000080e0a944                ftstc
 .text.getc     0x0000000080e0a968       0x24 common/libcommon.o
                0x0000000080e0a968                getc
 .text.tstc     0x0000000080e0a98c       0x24 common/libcommon.o
                0x0000000080e0a98c                tstc
 .text.putc     0x0000000080e0a9b0       0x30 common/libcommon.o
                0x0000000080e0a9b0                putc
 .text.puts     0x0000000080e0a9e0       0x30 common/libcommon.o
                0x0000000080e0a9e0                puts
 .text.printf   0x0000000080e0aa10       0x4c common/libcommon.o
                0x0000000080e0aa10                printf
 .text.vprintf  0x0000000080e0aa5c       0x3c common/libcommon.o
                0x0000000080e0aa5c                vprintf
 .text.ctrlc    0x0000000080e0aa98       0x58 common/libcommon.o
                0x0000000080e0aa98                ctrlc
 .text.disable_ctrlc
                0x0000000080e0aaf0       0x18 common/libcommon.o
                0x0000000080e0aaf0                disable_ctrlc
 .text.had_ctrlc
                0x0000000080e0ab08       0x10 common/libcommon.o
                0x0000000080e0ab08                had_ctrlc
 .text.clear_ctrlc
                0x0000000080e0ab18       0x14 common/libcommon.o
                0x0000000080e0ab18                clear_ctrlc
 .text.search_device
                0x0000000080e0ab2c       0x28 common/libcommon.o
                0x0000000080e0ab2c                search_device
 .text.console_assign
                0x0000000080e0ab54       0x48 common/libcommon.o
                0x0000000080e0ab54                console_assign
 .text.on_console
                0x0000000080e0ab9c       0xc0 common/libcommon.o
 .text.console_init_f
                0x0000000080e0ac5c       0x10 common/libcommon.o
                0x0000000080e0ac5c                console_init_f
 .text.stdio_print_current_devices
                0x0000000080e0ac6c       0xb0 common/libcommon.o
                0x0000000080e0ac6c                stdio_print_current_devices
 .text.console_init_r
                0x0000000080e0ad1c       0xe0 common/libcommon.o
                0x0000000080e0ad1c                console_init_r
 .text.sbrk     0x0000000080e0adfc       0x70 common/libcommon.o
                0x0000000080e0adfc                sbrk
 .text.mem_malloc_init
                0x0000000080e0ae6c       0x40 common/libcommon.o
                0x0000000080e0ae6c                mem_malloc_init
 .text.malloc_trim
                0x0000000080e0aeac       0xcc common/libcommon.o
                0x0000000080e0aeac                malloc_trim
 .text.free     0x0000000080e0af78      0x234 common/libcommon.o
                0x0000000080e0af78                free
 .text.malloc   0x0000000080e0b1ac      0x60c common/libcommon.o
                0x0000000080e0b1ac                malloc
 .text.calloc   0x0000000080e0b7b8       0xd4 common/libcommon.o
                0x0000000080e0b7b8                calloc
 .text.memalign
                0x0000000080e0b88c      0x10c common/libcommon.o
                0x0000000080e0b88c                memalign
 .text.env_attr_walk
                0x0000000080e0b998      0x110 common/libcommon.o
                0x0000000080e0b998                env_attr_walk
 .text.env_attr_lookup
                0x0000000080e0baa8      0x18c common/libcommon.o
                0x0000000080e0baa8                env_attr_lookup
 .text.clear_callback
                0x0000000080e0bc34       0x10 common/libcommon.o
 .text.find_env_callback
                0x0000000080e0bc44       0x68 common/libcommon.o
 .text.on_callbacks
                0x0000000080e0bcac       0x48 common/libcommon.o
 .text.set_callback
                0x0000000080e0bcf4       0x94 common/libcommon.o
 .text.env_callback_init
                0x0000000080e0bd88       0xa0 common/libcommon.o
                0x0000000080e0bd88                env_callback_init
 .text.__env_get_char_spec
                0x0000000080e0be28        0xc common/libcommon.o
                0x0000000080e0be28                env_get_char_spec
 .text.env_get_addr
                0x0000000080e0be34       0x20 common/libcommon.o
                0x0000000080e0be34                env_get_addr
 .text.env_get_char_memory
                0x0000000080e0be54       0x10 common/libcommon.o
                0x0000000080e0be54                env_get_char_memory
 .text.env_get_char
                0x0000000080e0be64       0x30 common/libcommon.o
                0x0000000080e0be64                env_get_char
 .text.getenv_yesno
                0x0000000080e0be94       0x40 common/libcommon.o
                0x0000000080e0be94                getenv_yesno
 .text.getenv_default
                0x0000000080e0bed4       0x30 common/libcommon.o
                0x0000000080e0bed4                getenv_default
 .text.set_default_env
                0x0000000080e0bf04       0xac common/libcommon.o
                0x0000000080e0bf04                set_default_env
 .text.set_default_vars
                0x0000000080e0bfb0       0x38 common/libcommon.o
                0x0000000080e0bfb0                set_default_vars
 .text.env_import
                0x0000000080e0bfe8      0x1d0 common/libcommon.o
                0x0000000080e0bfe8                env_import
 .text.env_relocate
                0x0000000080e0c1b8       0x30 common/libcommon.o
                0x0000000080e0c1b8                env_relocate
 .text.env_complete
                0x0000000080e0c1e8       0xe8 common/libcommon.o
                0x0000000080e0c1e8                env_complete
 .text.skip_num
                0x0000000080e0c2d0       0x70 common/libcommon.o
 .text.clear_flags
                0x0000000080e0c340       0x10 common/libcommon.o
 .text.on_flags
                0x0000000080e0c350       0x48 common/libcommon.o
 .text.env_flags_parse_vartype
                0x0000000080e0c398       0x50 common/libcommon.o
                0x0000000080e0c398                env_flags_parse_vartype
 .text.env_flags_parse_varaccess
                0x0000000080e0c3e8       0x58 common/libcommon.o
                0x0000000080e0c3e8                env_flags_parse_varaccess
 .text.set_flags
                0x0000000080e0c440       0xac common/libcommon.o
 .text.env_flags_init
                0x0000000080e0c4ec       0xb0 common/libcommon.o
                0x0000000080e0c4ec                env_flags_init
 .text.env_flags_validate
                0x0000000080e0c59c      0x320 common/libcommon.o
                0x0000000080e0c59c                env_flags_validate
 .text.saveenv  0x0000000080e0c8bc      0x190 common/libcommon.o
                0x0000000080e0c8bc                saveenv
 .text.env_relocate_spec
                0x0000000080e0ca4c       0xa4 common/libcommon.o
                0x0000000080e0ca4c                env_relocate_spec
 .text.env_init
                0x0000000080e0caf0       0x1c common/libcommon.o
                0x0000000080e0caf0                env_init
 .text.dummy    0x0000000080e0cb0c        0x4 common/libcommon.o
 .text.get_version
                0x0000000080e0cb10        0x8 common/libcommon.o
                0x0000000080e0cb10                get_version
 .text.jumptable_init
                0x0000000080e0cb18      0x190 common/libcommon.o
                0x0000000080e0cb18                jumptable_init
 .text.get_cells_len
                0x0000000080e0cca8       0x50 common/libcommon.o
 .text.fdt_initrd
                0x0000000080e0ccf8      0x1e8 common/libcommon.o
                0x0000000080e0ccf8                fdt_initrd
 .text.fdt_chosen
                0x0000000080e0cee0      0x10c common/libcommon.o
                0x0000000080e0cee0                fdt_chosen
 .text.fdt_fixup_memory_banks
                0x0000000080e0cfec      0x258 common/libcommon.o
                0x0000000080e0cfec                fdt_fixup_memory_banks
 .text.fdt_fixup_memory
                0x0000000080e0d244       0x20 common/libcommon.o
                0x0000000080e0d244                fdt_fixup_memory
 .text.fdt_resize
                0x0000000080e0d264      0x110 common/libcommon.o
                0x0000000080e0d264                fdt_resize
 .text.addr2info
                0x0000000080e0d374       0x4c common/libcommon.o
                0x0000000080e0d374                addr2info
 .text.flash_write
                0x0000000080e0d3c0      0x154 common/libcommon.o
                0x0000000080e0d3c0                flash_write
 .text.flash_perror
                0x0000000080e0d514       0xe8 common/libcommon.o
                0x0000000080e0d514                flash_perror
 .text.fdt_error
                0x0000000080e0d5fc       0x2c common/libcommon.o
 .text.boot_fdt_add_mem_rsv_regions
                0x0000000080e0d628       0x88 common/libcommon.o
                0x0000000080e0d628                boot_fdt_add_mem_rsv_regions
 .text.boot_relocate_fdt
                0x0000000080e0d6b0      0x18c common/libcommon.o
                0x0000000080e0d6b0                boot_relocate_fdt
 .text.boot_get_fdt
                0x0000000080e0d83c      0x2c8 common/libcommon.o
                0x0000000080e0d83c                boot_get_fdt
 .text.ft_verify_fdt
                0x0000000080e0db04        0x8 common/libcommon.o
                0x0000000080e0db04                ft_verify_fdt
 .text.image_setup_libfdt
                0x0000000080e0db0c      0x110 common/libcommon.o
                0x0000000080e0db0c                image_setup_libfdt
 .text.on_loadaddr
                0x0000000080e0dc1c       0x38 common/libcommon.o
 .text.image_check_hcrc
                0x0000000080e0dc54       0x60 common/libcommon.o
                0x0000000080e0dc54                image_check_hcrc
 .text.image_check_dcrc
                0x0000000080e0dcb4       0x60 common/libcommon.o
                0x0000000080e0dcb4                image_check_dcrc
 .text.image_multi_count
                0x0000000080e0dd14       0x1c common/libcommon.o
                0x0000000080e0dd14                image_multi_count
 .text.image_multi_getimg
                0x0000000080e0dd30       0xa8 common/libcommon.o
                0x0000000080e0dd30                image_multi_getimg
 .text.getenv_bootm_low
                0x0000000080e0ddd8       0x30 common/libcommon.o
                0x0000000080e0ddd8                getenv_bootm_low
 .text.getenv_bootm_size
                0x0000000080e0de08       0x5c common/libcommon.o
                0x0000000080e0de08                getenv_bootm_size
 .text.getenv_bootm_mapsize
                0x0000000080e0de64       0x30 common/libcommon.o
                0x0000000080e0de64                getenv_bootm_mapsize
 .text.memmove_wd
                0x0000000080e0de94        0xc common/libcommon.o
                0x0000000080e0de94                memmove_wd
 .text.genimg_print_size
                0x0000000080e0dea0       0x30 common/libcommon.o
                0x0000000080e0dea0                genimg_print_size
 .text.get_table_entry_name
                0x0000000080e0ded0       0x2c common/libcommon.o
                0x0000000080e0ded0                get_table_entry_name
 .text.genimg_get_os_name
                0x0000000080e0defc       0x18 common/libcommon.o
                0x0000000080e0defc                genimg_get_os_name
 .text.genimg_get_arch_name
                0x0000000080e0df14       0x18 common/libcommon.o
                0x0000000080e0df14                genimg_get_arch_name
 .text.genimg_get_type_name
                0x0000000080e0df2c       0x18 common/libcommon.o
                0x0000000080e0df2c                genimg_get_type_name
 .text.genimg_get_comp_name
                0x0000000080e0df44       0x18 common/libcommon.o
                0x0000000080e0df44                genimg_get_comp_name
 .text.image_print_contents
                0x0000000080e0df5c      0x1b0 common/libcommon.o
                0x0000000080e0df5c                image_print_contents
 .text.genimg_get_format
                0x0000000080e0e10c       0x4c common/libcommon.o
                0x0000000080e0e10c                genimg_get_format
 .text.genimg_get_image
                0x0000000080e0e158        0x4 common/libcommon.o
                0x0000000080e0e158                genimg_get_image
 .text.genimg_has_config
                0x0000000080e0e15c        0x8 common/libcommon.o
                0x0000000080e0e15c                genimg_has_config
 .text.boot_get_ramdisk
                0x0000000080e0e164      0x264 common/libcommon.o
                0x0000000080e0e164                boot_get_ramdisk
 .text.boot_ramdisk_high
                0x0000000080e0e3c8      0x130 common/libcommon.o
                0x0000000080e0e3c8                boot_ramdisk_high
 .text.image_setup_linux
                0x0000000080e0e4f8       0x8c common/libcommon.o
                0x0000000080e0e4f8                image_setup_linux
 .text.lcd_get_size
                0x0000000080e0e584       0x44 common/libcommon.o
                0x0000000080e0e584                lcd_get_size
 .text.lcd_sync
                0x0000000080e0e5c8       0x40 common/libcommon.o
                0x0000000080e0e5c8                lcd_sync
 .text.drv_lcd_init
                0x0000000080e0e608      0x120 common/libcommon.o
                0x0000000080e0e608                drv_lcd_init
 .text.lcd_clear
                0x0000000080e0e728       0x84 common/libcommon.o
                0x0000000080e0e728                lcd_clear
 .text.do_lcd_clear
                0x0000000080e0e7ac       0x10 common/libcommon.o
 .text.lcd_setmem
                0x0000000080e0e7bc       0x44 common/libcommon.o
                0x0000000080e0e7bc                lcd_setmem
 .text.delete_char.part.1
                0x0000000080e0e800       0xd0 common/libcommon.o
 .text.cread_add_char
                0x0000000080e0e8d0       0xe8 common/libcommon.o
 .text.__show_boot_progress
                0x0000000080e0e9b8        0x4 common/libcommon.o
                0x0000000080e0e9b8                __show_boot_progress
                0x0000000080e0e9b8                show_boot_progress
 .text.readline_into_buffer
                0x0000000080e0e9bc      0x9b0 common/libcommon.o
                0x0000000080e0e9bc                readline_into_buffer
 .text.readline
                0x0000000080e0f36c       0x14 common/libcommon.o
                0x0000000080e0f36c                readline
 .text.parse_line
                0x0000000080e0f380       0x88 common/libcommon.o
                0x0000000080e0f380                parse_line
 .text.builtin_run_command
                0x0000000080e0f408      0x344 common/libcommon.o
 .text.run_command
                0x0000000080e0f74c       0x18 common/libcommon.o
                0x0000000080e0f74c                run_command
 .text.run_command_list
                0x0000000080e0f764       0xec common/libcommon.o
                0x0000000080e0f764                run_command_list
 .text.main_loop
                0x0000000080e0f850      0x2ec common/libcommon.o
                0x0000000080e0f850                main_loop
 .text.do_run   0x0000000080e0fb3c       0x78 common/libcommon.o
                0x0000000080e0fb3c                do_run
 .text.get_ram_size
                0x0000000080e0fbb4       0xe4 common/libcommon.o
                0x0000000080e0fbb4                get_ram_size
 .text.img_data_cb
                0x0000000080e0fc98       0x6c common/libcommon.o
 .text.input_func
                0x0000000080e0fd04       0x68 common/libcommon.o
 .text.uboot_logo_sjpg_decode
                0x0000000080e0fd6c       0xac common/libcommon.o
                0x0000000080e0fd6c                uboot_logo_sjpg_decode
 .text.stdio_get_list
                0x0000000080e0fe18        0xc common/libcommon.o
                0x0000000080e0fe18                stdio_get_list
 .text.stdio_get_by_name
                0x0000000080e0fe24       0x5c common/libcommon.o
                0x0000000080e0fe24                stdio_get_by_name
 .text.stdio_clone
                0x0000000080e0fe80       0x38 common/libcommon.o
                0x0000000080e0fe80                stdio_clone
 .text.stdio_register
                0x0000000080e0feb8       0x3c common/libcommon.o
                0x0000000080e0feb8                stdio_register
 .text.stdio_init
                0x0000000080e0fef4       0x90 common/libcommon.o
                0x0000000080e0fef4                stdio_init
 .text.alloc_pool
                0x0000000080e0ff84       0x38 common/libcommon.o
 .text.bitext   0x0000000080e0ffbc       0xe8 common/libcommon.o
 .text.huffext  0x0000000080e100a4      0x158 common/libcommon.o
 .text.jd_prepare
                0x0000000080e101fc      0x6e0 common/libcommon.o
                0x0000000080e101fc                jd_prepare
 .text.jd_decomp
                0x0000000080e108dc      0xc30 common/libcommon.o
                0x0000000080e108dc                jd_decomp
 .text.CYGACC_COMM_IF_GETC_TIMEOUT.isra.0
                0x0000000080e1150c       0x5c common/libcommon.o
 .text.xyzModem_flush
                0x0000000080e11568       0x1c common/libcommon.o
 .text.xyzModem_get_hdr
                0x0000000080e11584      0x234 common/libcommon.o
 .text.xyzModem_stream_open
                0x0000000080e117b8      0x23c common/libcommon.o
                0x0000000080e117b8                xyzModem_stream_open
 .text.xyzModem_stream_read
                0x0000000080e119f4      0x258 common/libcommon.o
                0x0000000080e119f4                xyzModem_stream_read
 .text.xyzModem_stream_close
                0x0000000080e11c4c       0x54 common/libcommon.o
                0x0000000080e11c4c                xyzModem_stream_close
 .text.xyzModem_stream_terminate
                0x0000000080e11ca0       0x94 common/libcommon.o
                0x0000000080e11ca0                xyzModem_stream_terminate
 .text.xyzModem_error
                0x0000000080e11d34       0x20 common/libcommon.o
                0x0000000080e11d34                xyzModem_error
 .text.get_dev  0x0000000080e11d54       0x74 disk/libdisk.o
                0x0000000080e11d54                get_dev
 .text.dev_print
                0x0000000080e11dc8      0x218 disk/libdisk.o
                0x0000000080e11dc8                dev_print
 .text.init_part
                0x0000000080e11fe0       0x20 disk/libdisk.o
                0x0000000080e11fe0                init_part
 .text.print_part
                0x0000000080e12000       0xe4 disk/libdisk.o
                0x0000000080e12000                print_part
 .text.get_partition_info
                0x0000000080e120e4       0x28 disk/libdisk.o
                0x0000000080e120e4                get_partition_info
 .text.get_device
                0x0000000080e1210c       0x84 disk/libdisk.o
                0x0000000080e1210c                get_device
 .text.get_device_and_partition
                0x0000000080e12190      0x440 disk/libdisk.o
                0x0000000080e12190                get_device_and_partition
 .text.test_block_type
                0x0000000080e125d0       0xfc disk/libdisk.o
 .text.print_partition_extended
                0x0000000080e126cc      0x2c0 disk/libdisk.o
 .text.get_partition_info_extended.constprop.2
                0x0000000080e1298c      0x298 disk/libdisk.o
 .text.test_part_dos
                0x0000000080e12c24       0x94 disk/libdisk.o
                0x0000000080e12c24                test_part_dos
 .text.print_part_dos
                0x0000000080e12cb8       0x34 disk/libdisk.o
                0x0000000080e12cb8                print_part_dos
 .text.get_partition_info_dos
                0x0000000080e12cec       0xec disk/libdisk.o
                0x0000000080e12cec                get_partition_info_dos
 .text.gpio_set_pin_level
                0x0000000080e12dd8       0x70 drivers/gpio/libgpio.o
                0x0000000080e12dd8                gpio_set_pin_level
 .text.gpio_set_pin_dir
                0x0000000080e12e48       0x54 drivers/gpio/libgpio.o
                0x0000000080e12e48                gpio_set_pin_dir
 .text.gpio_direction_output
                0x0000000080e12e9c       0x28 drivers/gpio/libgpio.o
                0x0000000080e12e9c                gpio_direction_output
 .text.gpio_set_pin_as_gpio
                0x0000000080e12ec4       0x94 drivers/gpio/libgpio.o
                0x0000000080e12ec4                gpio_set_pin_as_gpio
 .text.mmc_set_capacity
                0x0000000080e12f58       0xac drivers/mmc/libmmc.o
 .text.board_mmc_getwp
                0x0000000080e13004        0x8 drivers/mmc/libmmc.o
                0x0000000080e13004                board_mmc_getwp
 .text.mmc_getwp
                0x0000000080e1300c       0x34 drivers/mmc/libmmc.o
                0x0000000080e1300c                mmc_getwp
 .text.__board_mmc_getcd
                0x0000000080e13040        0x8 drivers/mmc/libmmc.o
                0x0000000080e13040                __board_mmc_getcd
                0x0000000080e13040                board_mmc_getcd
 .text.mmc_send_cmd
                0x0000000080e13048        0x8 drivers/mmc/libmmc.o
                0x0000000080e13048                mmc_send_cmd
 .text.mmc_go_idle
                0x0000000080e13050       0x28 drivers/mmc/libmmc.o
 .text.mmc_send_op_cond_iter
                0x0000000080e13078       0x80 drivers/mmc/libmmc.o
 .text.mmc_send_ext_csd
                0x0000000080e130f8       0x4c drivers/mmc/libmmc.o
 .text.mmc_send_status
                0x0000000080e13144       0xc4 drivers/mmc/libmmc.o
                0x0000000080e13144                mmc_send_status
 .text.mmc_switch.isra.1
                0x0000000080e13208       0x54 drivers/mmc/libmmc.o
 .text.mmc_set_blocklen
                0x0000000080e1325c       0x30 drivers/mmc/libmmc.o
                0x0000000080e1325c                mmc_set_blocklen
 .text.find_mmc_device
                0x0000000080e1328c       0x4c drivers/mmc/libmmc.o
                0x0000000080e1328c                find_mmc_device
 .text.mmc_bread
                0x0000000080e132d8      0x154 drivers/mmc/libmmc.o
 .text.mmc_complete_op_cond
                0x0000000080e1342c       0x8c drivers/mmc/libmmc.o
                0x0000000080e1342c                mmc_complete_op_cond
 .text.mmc_switch_part
                0x0000000080e134b8       0x4c drivers/mmc/libmmc.o
                0x0000000080e134b8                mmc_switch_part
 .text.mmc_getcd
                0x0000000080e13504       0x34 drivers/mmc/libmmc.o
                0x0000000080e13504                mmc_getcd
 .text.mmc_set_clock
                0x0000000080e13538       0x40 drivers/mmc/libmmc.o
                0x0000000080e13538                mmc_set_clock
 .text.mmc_startup
                0x0000000080e13578      0xb8c drivers/mmc/libmmc.o
 .text.mmc_register
                0x0000000080e14104       0x88 drivers/mmc/libmmc.o
                0x0000000080e14104                mmc_register
 .text.mmc_start_init
                0x0000000080e1418c      0x25c drivers/mmc/libmmc.o
                0x0000000080e1418c                mmc_start_init
 .text.mmc_init
                0x0000000080e143e8       0x90 drivers/mmc/libmmc.o
                0x0000000080e143e8                mmc_init
 .text.mmc_get_dev
                0x0000000080e14478       0x2c drivers/mmc/libmmc.o
                0x0000000080e14478                mmc_get_dev
 .text.print_mmc_devices
                0x0000000080e144a4       0x68 drivers/mmc/libmmc.o
                0x0000000080e144a4                print_mmc_devices
 .text.get_mmc_num
                0x0000000080e1450c       0x10 drivers/mmc/libmmc.o
                0x0000000080e1450c                get_mmc_num
 .text.mmc_initialize
                0x0000000080e1451c      0x120 drivers/mmc/libmmc.o
                0x0000000080e1451c                mmc_initialize
 .text.ak_mmc_getcd
                0x0000000080e1463c        0x8 drivers/mmc/libmmc.o
 .text.ak_mmc_getwp
                0x0000000080e14644       0x2c drivers/mmc/libmmc.o
 .text.ak_mmc_setup_gpio_in
                0x0000000080e14670       0x4c drivers/mmc/libmmc.o
 .text.send_cmd.isra.3
                0x0000000080e146bc       0x88 drivers/mmc/libmmc.o
 .text.ak_set_clock.isra.0.constprop.11
                0x0000000080e14744       0x6c drivers/mmc/libmmc.o
 .text.ak_mmc_init_setup
                0x0000000080e147b0      0x1f0 drivers/mmc/libmmc.o
 .text.ak_mmc_send_cmd
                0x0000000080e149a0      0x2cc drivers/mmc/libmmc.o
 .text.ak_mmc_set_ios
                0x0000000080e14c6c       0xa4 drivers/mmc/libmmc.o
 .text.ak_sdhsmmc_init
                0x0000000080e14d10      0x1b0 drivers/mmc/libmmc.o
                0x0000000080e14d10                ak_sdhsmmc_init
 .text.sd_init_info
                0x0000000080e14ec0      0x194 drivers/mmc/libmmc.o
                0x0000000080e14ec0                sd_init_info
 .text.mmc_berase
                0x0000000080e15054      0x198 drivers/mmc/libmmc.o
                0x0000000080e15054                mmc_berase
 .text.mmc_bwrite
                0x0000000080e151ec      0x160 drivers/mmc/libmmc.o
                0x0000000080e151ec                mmc_bwrite
 .text.add_mtd_device
                0x0000000080e1534c       0x88 drivers/mtd/libmtd.o
                0x0000000080e1534c                add_mtd_device
 .text.get_mtd_device_nm
                0x0000000080e153d4       0x6c drivers/mtd/libmtd.o
                0x0000000080e153d4                get_mtd_device_nm
 .text.spi_flash_read_write
                0x0000000080e15440       0x74 drivers/mtd/spi/libspi_flash.o
 .text.spi_flash_cmd_read
                0x0000000080e154b4       0x20 drivers/mtd/spi/libspi_flash.o
                0x0000000080e154b4                spi_flash_cmd_read
 .text.spi_flash_cmd
                0x0000000080e154d4       0x2c drivers/mtd/spi/libspi_flash.o
                0x0000000080e154d4                spi_flash_cmd
 .text.spi_flash_cmd_write
                0x0000000080e15500       0x20 drivers/mtd/spi/libspi_flash.o
                0x0000000080e15500                spi_flash_cmd_write
 .text.spi_flash_probe
                0x0000000080e15520      0x5ac drivers/mtd/spi/libspi_flash.o
                0x0000000080e15520                spi_flash_probe
 .text.spi_flash_free
                0x0000000080e15acc       0x1c drivers/mtd/spi/libspi_flash.o
                0x0000000080e15acc                spi_flash_free
 .text.spi_flash_addr
                0x0000000080e15ae8       0x30 drivers/mtd/spi/libspi_flash.o
 .text.spi_flash_cmd_wait_ready
                0x0000000080e15b18       0xd8 drivers/mtd/spi/libspi_flash.o
                0x0000000080e15b18                spi_flash_cmd_wait_ready
 .text.show_spi_flash_reg
                0x0000000080e15bf0       0x38 drivers/mtd/spi/libspi_flash.o
                0x0000000080e15bf0                show_spi_flash_reg
 .text.spi_flash_quad_mode_enable
                0x0000000080e15c28       0x68 drivers/mtd/spi/libspi_flash.o
                0x0000000080e15c28                spi_flash_quad_mode_enable
 .text.spi_flash_write_common
                0x0000000080e15c90       0xa0 drivers/mtd/spi/libspi_flash.o
                0x0000000080e15c90                spi_flash_write_common
 .text.spi_flash_gd25q128c_cmd_write_status
                0x0000000080e15d30       0x78 drivers/mtd/spi/libspi_flash.o
                0x0000000080e15d30                spi_flash_gd25q128c_cmd_write_status
 .text.spi_flash_cmd_write_status
                0x0000000080e15da8       0xd8 drivers/mtd/spi/libspi_flash.o
                0x0000000080e15da8                spi_flash_cmd_write_status
 .text.spi_flash_xmc_cmd_write_status
                0x0000000080e15e80       0x2c drivers/mtd/spi/libspi_flash.o
                0x0000000080e15e80                spi_flash_xmc_cmd_write_status
 .text.spi_flash_cmd_bankaddr_write
                0x0000000080e15eac       0x54 drivers/mtd/spi/libspi_flash.o
 .text.spi_flash_write_common_volatile
                0x0000000080e15f00       0xa0 drivers/mtd/spi/libspi_flash.o
                0x0000000080e15f00                spi_flash_write_common_volatile
 .text.spi_flash_winbond_cmd_write_status_volatile
                0x0000000080e15fa0       0xb8 drivers/mtd/spi/libspi_flash.o
                0x0000000080e15fa0                spi_flash_winbond_cmd_write_status_volatile
 .text.spi_flash_cmd_erase_ops
                0x0000000080e16058      0x290 drivers/mtd/spi/libspi_flash.o
                0x0000000080e16058                spi_flash_cmd_erase_ops
 .text.spi_flash_read_common
                0x0000000080e162e8       0x5c drivers/mtd/spi/libspi_flash.o
                0x0000000080e162e8                spi_flash_read_common
 .text.spi_flash_cmd_read_status
                0x0000000080e16344       0xd8 drivers/mtd/spi/libspi_flash.o
                0x0000000080e16344                spi_flash_cmd_read_status
 .text.spi_flash_xmc_cmd_read_status
                0x0000000080e1641c       0xd8 drivers/mtd/spi/libspi_flash.o
                0x0000000080e1641c                spi_flash_xmc_cmd_read_status
 .text.spi_flash_write_extra
                0x0000000080e164f4       0xec drivers/mtd/spi/libspi_flash.o
                0x0000000080e164f4                spi_flash_write_extra
 .text.spi_flash_cmd_write_ops_extra
                0x0000000080e165e0       0xe8 drivers/mtd/spi/libspi_flash.o
                0x0000000080e165e0                spi_flash_cmd_write_ops_extra
 .text.spi_flash_read_extra
                0x0000000080e166c8       0xa0 drivers/mtd/spi/libspi_flash.o
                0x0000000080e166c8                spi_flash_read_extra
 .text.spi_flash_cmd_read_ops_extra
                0x0000000080e16768      0x12c drivers/mtd/spi/libspi_flash.o
                0x0000000080e16768                spi_flash_cmd_read_ops_extra
 .text.serial_init_dev
                0x0000000080e16894       0xc4 drivers/serial/libserial.o
 .text.akserial0_init
                0x0000000080e16958        0x8 drivers/serial/libserial.o
                0x0000000080e16958                akserial0_init
 .text.akserial1_init
                0x0000000080e16960        0x8 drivers/serial/libserial.o
                0x0000000080e16960                akserial1_init
 .text.akserial1_setbrg
                0x0000000080e16968        0x4 drivers/serial/libserial.o
                0x0000000080e16968                akserial1_setbrg
 .text.akserial0_setbrg
                0x0000000080e1696c        0x4 drivers/serial/libserial.o
                0x0000000080e1696c                akserial0_setbrg
 .text._serial_getc
                0x0000000080e16970       0xbc drivers/serial/libserial.o
                0x0000000080e16970                _serial_getc
 .text.akserial0_getc
                0x0000000080e16a2c        0x8 drivers/serial/libserial.o
                0x0000000080e16a2c                akserial0_getc
 .text.akserial1_getc
                0x0000000080e16a34        0x8 drivers/serial/libserial.o
                0x0000000080e16a34                akserial1_getc
 .text._serial_putc
                0x0000000080e16a3c       0x70 drivers/serial/libserial.o
                0x0000000080e16a3c                _serial_putc
 .text.akserial0_putc
                0x0000000080e16aac        0x8 drivers/serial/libserial.o
                0x0000000080e16aac                akserial0_putc
 .text.akserial1_putc
                0x0000000080e16ab4        0x8 drivers/serial/libserial.o
                0x0000000080e16ab4                akserial1_putc
 .text._serial_tstc
                0x0000000080e16abc       0x40 drivers/serial/libserial.o
                0x0000000080e16abc                _serial_tstc
 .text.akserial0_tstc
                0x0000000080e16afc        0x8 drivers/serial/libserial.o
                0x0000000080e16afc                akserial0_tstc
 .text.akserial1_tstc
                0x0000000080e16b04        0x8 drivers/serial/libserial.o
                0x0000000080e16b04                akserial1_tstc
 .text._serial_puts
                0x0000000080e16b0c       0x40 drivers/serial/libserial.o
                0x0000000080e16b0c                _serial_puts
 .text.akserial0_puts
                0x0000000080e16b4c        0x8 drivers/serial/libserial.o
                0x0000000080e16b4c                akserial0_puts
 .text.akserial1_puts
                0x0000000080e16b54        0x8 drivers/serial/libserial.o
                0x0000000080e16b54                akserial1_puts
 .text.default_serial_console
                0x0000000080e16b5c        0xc drivers/serial/libserial.o
                0x0000000080e16b5c                default_serial_console
 .text.ak39_serial_initialize
                0x0000000080e16b68       0x20 drivers/serial/libserial.o
                0x0000000080e16b68                ak39_serial_initialize
 .text.get_current
                0x0000000080e16b88       0x40 drivers/serial/libserial.o
 .text.serial_null
                0x0000000080e16bc8        0x4 drivers/serial/libserial.o
                0x0000000080e16bc8                jz_serial_initialize
                0x0000000080e16bc8                bfin_serial_initialize
                0x0000000080e16bc8                p3mx_serial_initialize
                0x0000000080e16bc8                leon2_serial_initialize
                0x0000000080e16bc8                leon3_serial_initialize
                0x0000000080e16bc8                amirix_serial_initialize
                0x0000000080e16bc8                marvell_serial_initialize
                0x0000000080e16bc8                cpci750_serial_initialize
                0x0000000080e16bc8                ns16550_serial_initialize
                0x0000000080e16bc8                asc_serial_initialize
                0x0000000080e16bc8                altera_serial_initialize
                0x0000000080e16bc8                oc_serial_initialize
                0x0000000080e16bc8                sh_serial_initialize
                0x0000000080e16bc8                mxs_auart_initialize
                0x0000000080e16bc8                arm_dcc_initialize
                0x0000000080e16bc8                bmw_serial_initialize
                0x0000000080e16bc8                mcf_serial_initialize
                0x0000000080e16bc8                lh7a40x_serial_initialize
                0x0000000080e16bc8                evb64260_serial_initialize
                0x0000000080e16bc8                lpc32xx_serial_initialize
                0x0000000080e16bc8                max3100_serial_initialize
                0x0000000080e16bc8                mpc85xx_serial_initialize
                0x0000000080e16bc8                imx_serial_initialize
                0x0000000080e16bc8                ixp_serial_initialize
                0x0000000080e16bc8                bfin_jtag_initialize
                0x0000000080e16bc8                cogent_serial_initialize
                0x0000000080e16bc8                clps7111_serial_initialize
                0x0000000080e16bc8                ml2_serial_initialize
                0x0000000080e16bc8                sandbox_serial_initialize
                0x0000000080e16bc8                s3c24xx_serial_initialize
                0x0000000080e16bc8                sconsole_serial_initialize
                0x0000000080e16bc8                uartlite_serial_initialize
                0x0000000080e16bc8                au1x00_serial_initialize
                0x0000000080e16bc8                pxa_serial_initialize
                0x0000000080e16bc8                atmel_serial_initialize
                0x0000000080e16bc8                pl01x_serial_initialize
                0x0000000080e16bc8                altera_jtag_serial_initialize
                0x0000000080e16bc8                zynq_serial_initalize
                0x0000000080e16bc8                mpc512x_serial_initialize
                0x0000000080e16bc8                s5p_serial_initialize
                0x0000000080e16bc8                ks8695_serial_initialize
                0x0000000080e16bc8                sa1100_serial_initialize
                0x0000000080e16bc8                mpc8260_scc_serial_initialize
                0x0000000080e16bc8                mxc_serial_initialize
                0x0000000080e16bc8                iop480_serial_initialize
                0x0000000080e16bc8                mpc8xx_serial_initialize
                0x0000000080e16bc8                mpc8260_smc_serial_initialize
                0x0000000080e16bc8                mpc5xx_serial_initialize
 .text.serial_register
                0x0000000080e16bcc       0x18 drivers/serial/libserial.o
                0x0000000080e16bcc                serial_register
 .text.serial_stdio_init
                0x0000000080e16be4       0x8c drivers/serial/libserial.o
                0x0000000080e16be4                serial_stdio_init
 .text.serial_assign
                0x0000000080e16c70       0x4c drivers/serial/libserial.o
                0x0000000080e16c70                serial_assign
 .text.serial_initialize
                0x0000000080e16cbc       0xd4 drivers/serial/libserial.o
                0x0000000080e16cbc                serial_initialize
 .text.serial_init
                0x0000000080e16d90       0x14 drivers/serial/libserial.o
                0x0000000080e16d90                serial_init
 .text.serial_setbrg
                0x0000000080e16da4       0x14 drivers/serial/libserial.o
                0x0000000080e16da4                serial_setbrg
 .text.on_baudrate
                0x0000000080e16db8       0xf0 drivers/serial/libserial.o
 .text.serial_getc
                0x0000000080e16ea8       0x14 drivers/serial/libserial.o
                0x0000000080e16ea8                serial_getc
 .text.serial_tstc
                0x0000000080e16ebc       0x14 drivers/serial/libserial.o
                0x0000000080e16ebc                serial_tstc
 .text.serial_putc
                0x0000000080e16ed0       0x1c drivers/serial/libserial.o
                0x0000000080e16ed0                serial_putc
 .text.serial_puts
                0x0000000080e16eec       0x1c drivers/serial/libserial.o
                0x0000000080e16eec                serial_puts
 .text.spi_do_alloc_slave
                0x0000000080e16f08       0x44 drivers/spi/libspi.o
                0x0000000080e16f08                spi_do_alloc_slave
 .text.spi_rxdword
                0x0000000080e16f4c       0x50 drivers/spi/libspi.o
 .text.ak_spi_start_txrx.isra.4
                0x0000000080e16f9c       0x5c drivers/spi/libspi.o
 .text.spi_sharepin_cfg
                0x0000000080e16ff8       0x34 drivers/spi/libspi.o
                0x0000000080e16ff8                spi_sharepin_cfg
 .text.spi_setup_slave
                0x0000000080e1702c      0x1a8 drivers/spi/libspi.o
                0x0000000080e1702c                spi_setup_slave
 .text.spi_free_slave
                0x0000000080e171d4        0x4 drivers/spi/libspi.o
                0x0000000080e171d4                spi_free_slave
 .text.spi_cs_activate
                0x0000000080e171d8       0x18 drivers/spi/libspi.o
                0x0000000080e171d8                spi_cs_activate
 .text.spi_claim_bus
                0x0000000080e171f0        0x8 drivers/spi/libspi.o
                0x0000000080e171f0                spi_claim_bus
 .text.spi_release_bus
                0x0000000080e171f8        0x4 drivers/spi/libspi.o
                0x0000000080e171f8                spi_release_bus
 .text.ak_spi_read_cpu
                0x0000000080e171fc      0x15c drivers/spi/libspi.o
                0x0000000080e171fc                ak_spi_read_cpu
 .text.ak_spi_write_cpu
                0x0000000080e17358      0x184 drivers/spi/libspi.o
                0x0000000080e17358                ak_spi_write_cpu
 .text.ak_spi_write_internal
                0x0000000080e174dc       0xf0 drivers/spi/libspi.o
                0x0000000080e174dc                ak_spi_write_internal
 .text.ak_spi_read_internal
                0x0000000080e175cc      0x150 drivers/spi/libspi.o
                0x0000000080e175cc                ak_spi_read_internal
 .text.ak_spi_write
                0x0000000080e1771c       0xcc drivers/spi/libspi.o
                0x0000000080e1771c                ak_spi_write
 .text.ak_spi_read
                0x0000000080e177e8       0xb8 drivers/spi/libspi.o
                0x0000000080e177e8                ak_spi_read
 .text.spi_xfer
                0x0000000080e178a0       0xe8 drivers/spi/libspi.o
                0x0000000080e178a0                spi_xfer
 .text.rgb_panel_info_cfg
                0x0000000080e17988      0x27c drivers/video/libvideo.o
 .text.mipi_panel_cmd_setting
                0x0000000080e17c04      0x238 drivers/video/libvideo.o
 .text.mpu_recover_buswidth.isra.4
                0x0000000080e17e3c       0x20 drivers/video/libvideo.o
 .text.mpu_set_16bit_buswidth.isra.7
                0x0000000080e17e5c       0x30 drivers/video/libvideo.o
 .text.mpu_write_reg
                0x0000000080e17e8c       0x4c drivers/video/libvideo.o
 .text.mpu_read_reg.isra.8
                0x0000000080e17ed8       0xbc drivers/video/libvideo.o
 .text.ak_get_asic_pll_clk
                0x0000000080e17f94       0x34 drivers/video/libvideo.o
                0x0000000080e17f94                ak_get_asic_pll_clk
 .text.ak_lcd_parameter_parse_dt1
                0x0000000080e17fc8      0x558 drivers/video/libvideo.o
                0x0000000080e17fc8                ak_lcd_parameter_parse_dt1
 .text.ak_lcd_parameter_parse_dt2
                0x0000000080e18520      0x4b8 drivers/video/libvideo.o
                0x0000000080e18520                ak_lcd_parameter_parse_dt2
 .text.ak_lcd_parameter_parse_dt3
                0x0000000080e189d8      0x1bc drivers/video/libvideo.o
                0x0000000080e189d8                ak_lcd_parameter_parse_dt3
 .text.lcd_ctrl_init
                0x0000000080e18b94      0xc5c drivers/video/libvideo.o
                0x0000000080e18b94                lcd_ctrl_init
 .text.lcd_enable
                0x0000000080e197f0      0x250 drivers/video/libvideo.o
                0x0000000080e197f0                lcd_enable
 .text.lcd_disable
                0x0000000080e19a40       0x28 drivers/video/libvideo.o
                0x0000000080e19a40                lcd_disable
 .text.wdt_enable
                0x0000000080e19a68       0x28 drivers/watchdog/libwatchdog.o
                0x0000000080e19a68                wdt_enable
 .text.wdt_keepalive
                0x0000000080e19a90       0x3c drivers/watchdog/libwatchdog.o
                0x0000000080e19a90                wdt_keepalive
 .text.downcase
                0x0000000080e19acc       0x30 fs/fat/libfat.o
 .text.disk_read
                0x0000000080e19afc       0x64 fs/fat/libfat.o
 .text.dirdelim
                0x0000000080e19b60       0x30 fs/fat/libfat.o
 .text.get_fatent
                0x0000000080e19b90      0x15c fs/fat/libfat.o
 .text.mkcksum  0x0000000080e19cec       0x50 fs/fat/libfat.o
 .text.get_cluster
                0x0000000080e19d3c      0x170 fs/fat/libfat.o
 .text.get_name
                0x0000000080e19eac       0xac fs/fat/libfat.o
 .text.read_bootsectandvi
                0x0000000080e19f58      0x124 fs/fat/libfat.o
 .text.slot2str
                0x0000000080e1a07c       0xbc fs/fat/libfat.o
 .text.get_vfatname
                0x0000000080e1a138      0x1b0 fs/fat/libfat.o
 .text.fat_set_blk_dev
                0x0000000080e1a2e8       0xcc fs/fat/libfat.o
                0x0000000080e1a2e8                fat_set_blk_dev
 .text.do_fat_read_at
                0x0000000080e1a3b4      0xad0 fs/fat/libfat.o
                0x0000000080e1a3b4                do_fat_read_at
 .text.do_fat_read
                0x0000000080e1ae84       0x28 fs/fat/libfat.o
                0x0000000080e1ae84                do_fat_read
 .text.file_fat_detectfs
                0x0000000080e1aeac      0x148 fs/fat/libfat.o
                0x0000000080e1aeac                file_fat_detectfs
 .text.file_fat_ls
                0x0000000080e1aff4       0x10 fs/fat/libfat.o
                0x0000000080e1aff4                file_fat_ls
 .text.file_fat_read_at
                0x0000000080e1b004       0x48 fs/fat/libfat.o
                0x0000000080e1b004                file_fat_read_at
 .text.fat_read_file
                0x0000000080e1b04c       0x3c fs/fat/libfat.o
                0x0000000080e1b04c                fat_read_file
 .text.fat_close
                0x0000000080e1b088        0x4 fs/fat/libfat.o
                0x0000000080e1b088                fat_close
 .text.fs_probe_unsupported
                0x0000000080e1b08c       0x18 fs/libfs.o
 .text.fs_ls_unsupported
                0x0000000080e1b0a4        0x8 fs/libfs.o
 .text.fs_read_unsupported
                0x0000000080e1b0ac        0x8 fs/libfs.o
 .text.fs_write_unsupported
                0x0000000080e1b0b4        0x8 fs/libfs.o
 .text.fs_close_unsupported
                0x0000000080e1b0bc        0x4 fs/libfs.o
 .text.fs_get_info
                0x0000000080e1b0c0       0x20 fs/libfs.o
 .text.fs_close
                0x0000000080e1b0e0       0x28 fs/libfs.o
 .text.fs_set_blk_dev
                0x0000000080e1b108       0xa0 fs/libfs.o
                0x0000000080e1b108                fs_set_blk_dev
 .text.fs_ls    0x0000000080e1b1a8       0x3c fs/libfs.o
                0x0000000080e1b1a8                fs_ls
 .text.fs_read  0x0000000080e1b1e4       0x84 fs/libfs.o
                0x0000000080e1b1e4                fs_read
 .text.do_load  0x0000000080e1b268      0x1e0 fs/libfs.o
                0x0000000080e1b268                do_load
 .text.do_ls    0x0000000080e1b448       0x68 fs/libfs.o
                0x0000000080e1b448                do_ls
 .text.fdt_check_header
                0x0000000080e1b4b0       0xc4 lib/libfdt/libfdt.o
                0x0000000080e1b4b0                fdt_check_header
 .text.fdt_offset_ptr
                0x0000000080e1b574       0x8c lib/libfdt/libfdt.o
                0x0000000080e1b574                fdt_offset_ptr
 .text.fdt_next_tag
                0x0000000080e1b600      0x124 lib/libfdt/libfdt.o
                0x0000000080e1b600                fdt_next_tag
 .text._fdt_check_node_offset
                0x0000000080e1b724       0x3c lib/libfdt/libfdt.o
                0x0000000080e1b724                _fdt_check_node_offset
 .text._fdt_check_prop_offset
                0x0000000080e1b760       0x3c lib/libfdt/libfdt.o
                0x0000000080e1b760                _fdt_check_prop_offset
 .text.fdt_next_node
                0x0000000080e1b79c       0xb8 lib/libfdt/libfdt.o
                0x0000000080e1b79c                fdt_next_node
 .text._fdt_find_string
                0x0000000080e1b854       0x5c lib/libfdt/libfdt.o
                0x0000000080e1b854                _fdt_find_string
 .text.fdt_move
                0x0000000080e1b8b0       0x5c lib/libfdt/libfdt.o
                0x0000000080e1b8b0                fdt_move
 .text._nextprop
                0x0000000080e1b90c       0x5c lib/libfdt/libfdt.o
 .text.fdt_string
                0x0000000080e1b968       0x28 lib/libfdt/libfdt.o
                0x0000000080e1b968                fdt_string
 .text.fdt_get_mem_rsv
                0x0000000080e1b990       0xc8 lib/libfdt/libfdt.o
                0x0000000080e1b990                fdt_get_mem_rsv
 .text.fdt_num_mem_rsv
                0x0000000080e1ba58       0x84 lib/libfdt/libfdt.o
                0x0000000080e1ba58                fdt_num_mem_rsv
 .text.fdt_subnode_offset_namelen
                0x0000000080e1badc       0xd4 lib/libfdt/libfdt.o
                0x0000000080e1badc                fdt_subnode_offset_namelen
 .text.fdt_get_name
                0x0000000080e1bbb0       0x88 lib/libfdt/libfdt.o
                0x0000000080e1bbb0                fdt_get_name
 .text.fdt_first_property_offset
                0x0000000080e1bc38       0x20 lib/libfdt/libfdt.o
                0x0000000080e1bc38                fdt_first_property_offset
 .text.fdt_next_property_offset
                0x0000000080e1bc58       0x20 lib/libfdt/libfdt.o
                0x0000000080e1bc58                fdt_next_property_offset
 .text.fdt_get_property_by_offset
                0x0000000080e1bc78       0x7c lib/libfdt/libfdt.o
                0x0000000080e1bc78                fdt_get_property_by_offset
 .text.fdt_get_property_namelen
                0x0000000080e1bcf4       0xb4 lib/libfdt/libfdt.o
                0x0000000080e1bcf4                fdt_get_property_namelen
 .text.fdt_get_property
                0x0000000080e1bda8       0x3c lib/libfdt/libfdt.o
                0x0000000080e1bda8                fdt_get_property
 .text.fdt_getprop_namelen
                0x0000000080e1bde4       0x20 lib/libfdt/libfdt.o
                0x0000000080e1bde4                fdt_getprop_namelen
 .text.fdt_getprop
                0x0000000080e1be04       0x3c lib/libfdt/libfdt.o
                0x0000000080e1be04                fdt_getprop
 .text.fdt_get_alias_namelen
                0x0000000080e1be40       0x48 lib/libfdt/libfdt.o
                0x0000000080e1be40                fdt_get_alias_namelen
 .text.fdt_path_offset
                0x0000000080e1be88       0xec lib/libfdt/libfdt.o
                0x0000000080e1be88                fdt_path_offset
 .text.fdt_supernode_atdepth_offset
                0x0000000080e1bf74       0xb8 lib/libfdt/libfdt.o
                0x0000000080e1bf74                fdt_supernode_atdepth_offset
 .text.fdt_node_depth
                0x0000000080e1c02c       0x28 lib/libfdt/libfdt.o
                0x0000000080e1c02c                fdt_node_depth
 .text.fdt_stringlist_contains
                0x0000000080e1c054       0x7c lib/libfdt/libfdt.o
                0x0000000080e1c054                fdt_stringlist_contains
 .text.fdt_node_check_compatible
                0x0000000080e1c0d0       0x40 lib/libfdt/libfdt.o
                0x0000000080e1c0d0                fdt_node_check_compatible
 .text.fdt_node_offset_by_compatible
                0x0000000080e1c110       0x74 lib/libfdt/libfdt.o
                0x0000000080e1c110                fdt_node_offset_by_compatible
 .text._fdt_blocks_misordered
                0x0000000080e1c184       0xcc lib/libfdt/libfdt.o
 .text._fdt_splice
                0x0000000080e1c250       0xb4 lib/libfdt/libfdt.o
 .text._fdt_splice_mem_rsv
                0x0000000080e1c304       0xa8 lib/libfdt/libfdt.o
 .text._fdt_splice_struct
                0x0000000080e1c3ac       0x9c lib/libfdt/libfdt.o
 .text._fdt_packblocks
                0x0000000080e1c448      0x148 lib/libfdt/libfdt.o
 .text._fdt_add_property
                0x0000000080e1c590      0x1d4 lib/libfdt/libfdt.o
 .text._fdt_rw_check_header
                0x0000000080e1c764       0x88 lib/libfdt/libfdt.o
 .text.fdt_add_mem_rsv
                0x0000000080e1c7ec       0xec lib/libfdt/libfdt.o
                0x0000000080e1c7ec                fdt_add_mem_rsv
 .text.fdt_del_mem_rsv
                0x0000000080e1c8d8       0x70 lib/libfdt/libfdt.o
                0x0000000080e1c8d8                fdt_del_mem_rsv
 .text.fdt_setprop
                0x0000000080e1c948       0xe4 lib/libfdt/libfdt.o
                0x0000000080e1c948                fdt_setprop
 .text.fdt_delprop
                0x0000000080e1ca2c       0x64 lib/libfdt/libfdt.o
                0x0000000080e1ca2c                fdt_delprop
 .text.fdt_add_subnode_namelen
                0x0000000080e1ca90      0x104 lib/libfdt/libfdt.o
                0x0000000080e1ca90                fdt_add_subnode_namelen
 .text.fdt_add_subnode
                0x0000000080e1cb94       0x30 lib/libfdt/libfdt.o
                0x0000000080e1cb94                fdt_add_subnode
 .text.fdt_del_node
                0x0000000080e1cbc4       0x74 lib/libfdt/libfdt.o
                0x0000000080e1cbc4                fdt_del_node
 .text.fdt_open_into
                0x0000000080e1cc38      0x24c lib/libfdt/libfdt.o
                0x0000000080e1cc38                fdt_open_into
 .text.fdt_strerror
                0x0000000080e1ce84       0x58 lib/libfdt/libfdt.o
                0x0000000080e1ce84                fdt_strerror
 .text._fdt_node_end_offset
                0x0000000080e1cedc       0x44 lib/libfdt/libfdt.o
                0x0000000080e1cedc                _fdt_node_end_offset
 .text.cyg_crc16
                0x0000000080e1cf20       0x48 lib/libgeneric.o
                0x0000000080e1cf20                cyg_crc16
 .text.crc32_no_comp
                0x0000000080e1cf68       0xd8 lib/libgeneric.o
                0x0000000080e1cf68                crc32_no_comp
 .text.crc32    0x0000000080e1d040       0x14 lib/libgeneric.o
                0x0000000080e1d040                crc32
 .text.crc32_wd
                0x0000000080e1d054        0x4 lib/libgeneric.o
                0x0000000080e1d054                crc32_wd
 .text.print_size
                0x0000000080e1d058      0x130 lib/libgeneric.o
                0x0000000080e1d058                print_size
 .text.print_buffer
                0x0000000080e1d188      0x1b0 lib/libgeneric.o
                0x0000000080e1d188                print_buffer
 .text.__div64_32
                0x0000000080e1d338       0xd0 lib/libgeneric.o
                0x0000000080e1d338                __div64_32
 .text.get_prop_check_min_len
                0x0000000080e1d408       0x3c lib/libgeneric.o
 .text.fdtdec_get_int
                0x0000000080e1d444       0x50 lib/libgeneric.o
                0x0000000080e1d444                fdtdec_get_int
 .text.fdtdec_get_valoffset_int
                0x0000000080e1d494       0x58 lib/libgeneric.o
                0x0000000080e1d494                fdtdec_get_valoffset_int
 .text.fdtdec_get_is_enabled
                0x0000000080e1d4ec       0x3c lib/libgeneric.o
                0x0000000080e1d4ec                fdtdec_get_is_enabled
 .text.fdtdec_next_compatible
                0x0000000080e1d528       0x10 lib/libgeneric.o
                0x0000000080e1d528                fdtdec_next_compatible
 .text.fdtdec_next_compatible_subnode_sta
                0x0000000080e1d538       0x88 lib/libgeneric.o
                0x0000000080e1d538                fdtdec_next_compatible_subnode_sta
 .text.fdtdec_prepare_fdt
                0x0000000080e1d5c0       0x44 lib/libgeneric.o
                0x0000000080e1d5c0                fdtdec_prepare_fdt
 .text.fdtdec_check_fdt
                0x0000000080e1d604       0x10 lib/libgeneric.o
                0x0000000080e1d604                fdtdec_check_fdt
 .text.fdtdec_get_int_array
                0x0000000080e1d614       0x74 lib/libgeneric.o
                0x0000000080e1d614                fdtdec_get_int_array
 .text.fdtdec_get_bool
                0x0000000080e1d688       0x1c lib/libgeneric.o
                0x0000000080e1d688                fdtdec_get_bool
 .text.fdtdec_get_config_int
                0x0000000080e1d6a4       0x40 lib/libgeneric.o
                0x0000000080e1d6a4                fdtdec_get_config_int
 .text.fdtdec_get_config_string
                0x0000000080e1d6e4       0x3c lib/libgeneric.o
                0x0000000080e1d6e4                fdtdec_get_config_string
 .text.hang     0x0000000080e1d720       0x1c lib/libgeneric.o
                0x0000000080e1d720                hang
 .text.cmpkey   0x0000000080e1d73c       0x14 lib/libgeneric.o
 .text._hdelete.isra.1
                0x0000000080e1d750       0x50 lib/libgeneric.o
 .text.drop_var_from_set.part.2
                0x0000000080e1d7a0       0x50 lib/libgeneric.o
 .text.match_string.isra.3
                0x0000000080e1d7f0       0x60 lib/libgeneric.o
 .text.hcreate_r
                0x0000000080e1d850       0xb0 lib/libgeneric.o
                0x0000000080e1d850                hcreate_r
 .text.hdestroy_r
                0x0000000080e1d900       0x78 lib/libgeneric.o
                0x0000000080e1d900                hdestroy_r
 .text.hmatch_r
                0x0000000080e1d978       0xa0 lib/libgeneric.o
                0x0000000080e1d978                hmatch_r
 .text.hsearch_r
                0x0000000080e1da18      0x4dc lib/libgeneric.o
                0x0000000080e1da18                hsearch_r
 .text.hdelete_r
                0x0000000080e1def4       0xd8 lib/libgeneric.o
                0x0000000080e1def4                hdelete_r
 .text.hexport_r
                0x0000000080e1dfcc      0x310 lib/libgeneric.o
                0x0000000080e1dfcc                hexport_r
 .text.himport_r
                0x0000000080e1e2dc      0x34c lib/libgeneric.o
                0x0000000080e1e2dc                himport_r
 .text.hwalk_r  0x0000000080e1e628       0x58 lib/libgeneric.o
                0x0000000080e1e628                hwalk_r
 .text.skip_spaces
                0x0000000080e1e680       0x28 lib/libgeneric.o
                0x0000000080e1e680                skip_spaces
 .text.strim    0x0000000080e1e6a8       0x60 lib/libgeneric.o
                0x0000000080e1e6a8                strim
 .text.lmb_add_region
                0x0000000080e1e708      0x1a4 lib/libgeneric.o
 .text.lmb_init
                0x0000000080e1e8ac       0x28 lib/libgeneric.o
                0x0000000080e1e8ac                lmb_init
 .text.lmb_add  0x0000000080e1e8d4        0x4 lib/libgeneric.o
                0x0000000080e1e8d4                lmb_add
 .text.lmb_free
                0x0000000080e1e8d8      0x104 lib/libgeneric.o
                0x0000000080e1e8d8                lmb_free
 .text.lmb_reserve
                0x0000000080e1e9dc        0x8 lib/libgeneric.o
                0x0000000080e1e9dc                lmb_reserve
 .text.lmb_overlaps_region
                0x0000000080e1e9e4       0x58 lib/libgeneric.o
                0x0000000080e1e9e4                lmb_overlaps_region
 .text.__lmb_alloc_base
                0x0000000080e1ea3c      0x108 lib/libgeneric.o
                0x0000000080e1ea3c                __lmb_alloc_base
 .text.lmb_alloc_base
                0x0000000080e1eb44       0x34 lib/libgeneric.o
                0x0000000080e1eb44                lmb_alloc_base
 .text.lmb_alloc
                0x0000000080e1eb78        0x8 lib/libgeneric.o
                0x0000000080e1eb78                lmb_alloc
 .text.__board_lmb_reserve
                0x0000000080e1eb80        0x4 lib/libgeneric.o
                0x0000000080e1eb80                board_lmb_reserve
                0x0000000080e1eb80                __board_lmb_reserve
 .text.byteReverse
                0x0000000080e1eb84       0x34 lib/libgeneric.o
 .text.MD5Transform
                0x0000000080e1ebb8      0xa30 lib/libgeneric.o
 .text.MD5Update
                0x0000000080e1f5e8       0xe0 lib/libgeneric.o
 .text.MD5Final
                0x0000000080e1f6c8       0xcc lib/libgeneric.o
 .text.md5      0x0000000080e1f794       0x68 lib/libgeneric.o
                0x0000000080e1f794                md5
 .text.string_to_ip
                0x0000000080e1f7fc       0x74 lib/libgeneric.o
                0x0000000080e1f7fc                string_to_ip
 .text.qsort    0x0000000080e1f870       0xd8 lib/libgeneric.o
                0x0000000080e1f870                qsort
 .text.strcmp_compar
                0x0000000080e1f948        0xc lib/libgeneric.o
                0x0000000080e1f948                strcmp_compar
 .text.strcpy   0x0000000080e1f954       0x18 lib/libgeneric.o
                0x0000000080e1f954                strcpy
 .text.strncpy  0x0000000080e1f96c       0x24 lib/libgeneric.o
                0x0000000080e1f96c                strncpy
 .text.strcmp   0x0000000080e1f990       0x2c lib/libgeneric.o
                0x0000000080e1f990                strcmp
 .text.strncmp  0x0000000080e1f9bc       0x40 lib/libgeneric.o
                0x0000000080e1f9bc                strncmp
 .text.strchr   0x0000000080e1f9fc       0x2c lib/libgeneric.o
                0x0000000080e1f9fc                strchr
 .text.strlen   0x0000000080e1fa28       0x20 lib/libgeneric.o
                0x0000000080e1fa28                strlen
 .text.strnlen  0x0000000080e1fa48       0x2c lib/libgeneric.o
                0x0000000080e1fa48                strnlen
 .text.strdup   0x0000000080e1fa74       0x40 lib/libgeneric.o
                0x0000000080e1fa74                strdup
 .text.strspn   0x0000000080e1fab4       0x3c lib/libgeneric.o
                0x0000000080e1fab4                strspn
 .text.strpbrk  0x0000000080e1faf0       0x3c lib/libgeneric.o
                0x0000000080e1faf0                strpbrk
 .text.strtok   0x0000000080e1fb2c       0x88 lib/libgeneric.o
                0x0000000080e1fb2c                strtok
 .text.memset   0x0000000080e1fbb4       0x5c lib/libgeneric.o
                0x0000000080e1fbb4                memset
 .text.memcpy   0x0000000080e1fc10       0x6c lib/libgeneric.o
                0x0000000080e1fc10                memcpy
 .text.memmove  0x0000000080e1fc7c       0x48 lib/libgeneric.o
                0x0000000080e1fc7c                memmove
 .text.memcmp   0x0000000080e1fcc4       0x30 lib/libgeneric.o
                0x0000000080e1fcc4                memcmp
 .text.strstr   0x0000000080e1fcf4       0x6c lib/libgeneric.o
                0x0000000080e1fcf4                strstr
 .text.memchr   0x0000000080e1fd60       0x30 lib/libgeneric.o
                0x0000000080e1fd60                memchr
 .text.udelay   0x0000000080e1fd90       0x30 lib/libgeneric.o
                0x0000000080e1fd90                udelay
 .text.mdelay   0x0000000080e1fdc0       0x24 lib/libgeneric.o
                0x0000000080e1fdc0                mdelay
 .text.put_dec_trunc
                0x0000000080e1fde4       0xec lib/libgeneric.o
 .text.put_dec  0x0000000080e1fed0      0x14c lib/libgeneric.o
 .text.string.isra.0
                0x0000000080e2001c       0x94 lib/libgeneric.o
 .text.number.isra.4
                0x0000000080e200b0      0x24c lib/libgeneric.o
 .text.vsnprintf_internal.isra.6
                0x0000000080e202fc      0x614 lib/libgeneric.o
 .text.simple_strtoul
                0x0000000080e20910       0xb8 lib/libgeneric.o
                0x0000000080e20910                simple_strtoul
 .text.strict_strtoul
                0x0000000080e209c8       0x78 lib/libgeneric.o
                0x0000000080e209c8                strict_strtoul
 .text.simple_strtol
                0x0000000080e20a40       0x28 lib/libgeneric.o
                0x0000000080e20a40                simple_strtol
 .text.simple_strtoull
                0x0000000080e20a68       0xdc lib/libgeneric.o
                0x0000000080e20a68                simple_strtoull
 .text.vsprintf
                0x0000000080e20b44        0x4 lib/libgeneric.o
                0x0000000080e20b44                vsprintf
 .text.sprintf  0x0000000080e20b48       0x28 lib/libgeneric.o
                0x0000000080e20b48                sprintf
 .text.panic    0x0000000080e20b70       0x44 lib/libgeneric.o
                0x0000000080e20b70                panic
 .text.simple_itoa
                0x0000000080e20bb4       0x54 lib/libgeneric.o
                0x0000000080e20bb4                simple_itoa
 .text.ArpInit  0x0000000080e20c08       0x50 net/libnet.o
                0x0000000080e20c08                ArpInit
 .text.arp_raw_request
                0x0000000080e20c58       0xc4 net/libnet.o
                0x0000000080e20c58                arp_raw_request
 .text.ArpRequest
                0x0000000080e20d1c       0xa4 net/libnet.o
                0x0000000080e20d1c                ArpRequest
 .text.ArpTimeoutCheck
                0x0000000080e20dc0       0x84 net/libnet.o
                0x0000000080e20dc0                ArpTimeoutCheck
 .text.BootpHandler
                0x0000000080e20e44      0x378 net/libnet.o
 .text.BootpRequest
                0x0000000080e211bc      0x21c net/libnet.o
                0x0000000080e211bc                BootpRequest
 .text.BootpTimeout
                0x0000000080e213d8       0x48 net/libnet.o
 .text.eth_current_changed
                0x0000000080e21420       0x60 net/libnet.o
 .text.eth_parse_enetaddr
                0x0000000080e21480       0x54 net/libnet.o
                0x0000000080e21480                eth_parse_enetaddr
 .text.eth_getenv_enetaddr
                0x0000000080e214d4       0x5c net/libnet.o
                0x0000000080e214d4                eth_getenv_enetaddr
 .text.eth_getenv_enetaddr_by_index
                0x0000000080e21530       0x50 net/libnet.o
                0x0000000080e21530                eth_getenv_enetaddr_by_index
 .text.eth_get_dev_index
                0x0000000080e21580       0x1c net/libnet.o
                0x0000000080e21580                eth_get_dev_index
 .text.eth_halt
                0x0000000080e2159c       0x30 net/libnet.o
                0x0000000080e2159c                eth_halt
 .text.eth_send
                0x0000000080e215cc       0x38 net/libnet.o
                0x0000000080e215cc                eth_send
 .text.eth_rx   0x0000000080e21604       0x24 net/libnet.o
                0x0000000080e21604                eth_rx
 .text.eth_try_another
                0x0000000080e21628       0x84 net/libnet.o
                0x0000000080e21628                eth_try_another
 .text.eth_init
                0x0000000080e216ac       0xe0 net/libnet.o
                0x0000000080e216ac                eth_init
 .text.eth_set_current
                0x0000000080e2178c       0xa4 net/libnet.o
                0x0000000080e2178c                eth_set_current
 .text.eth_get_name
                0x0000000080e21830       0x20 net/libnet.o
                0x0000000080e21830                eth_get_name
 .text.startAgainTimeout
                0x0000000080e21850       0x14 net/libnet.o
 .text.dummy_handler
                0x0000000080e21864        0x4 net/libnet.o
 .text.net_clear_handlers
                0x0000000080e21868       0x34 net/libnet.o
 .text.net_auto_load
                0x0000000080e2189c       0x38 net/libnet.o
                0x0000000080e2189c                net_auto_load
 .text.NetStartAgain
                0x0000000080e218d4      0x154 net/libnet.o
                0x0000000080e218d4                NetStartAgain
 .text.net_set_udp_handler
                0x0000000080e21a28       0x20 net/libnet.o
                0x0000000080e21a28                net_set_udp_handler
 .text.NetSetTimeout
                0x0000000080e21a48       0x50 net/libnet.o
                0x0000000080e21a48                NetSetTimeout
 .text.NetCksum
                0x0000000080e21a98       0x34 net/libnet.o
                0x0000000080e21a98                NetCksum
 .text.NetEthHdrSize
                0x0000000080e21acc       0x40 net/libnet.o
                0x0000000080e21acc                NetEthHdrSize
 .text.NetSetEther
                0x0000000080e21b0c       0xa8 net/libnet.o
                0x0000000080e21b0c                NetSetEther
 .text.net_set_ip_header
                0x0000000080e21bb4       0x88 net/libnet.o
                0x0000000080e21bb4                net_set_ip_header
 .text.net_set_udp_header
                0x0000000080e21c3c       0xa8 net/libnet.o
                0x0000000080e21c3c                net_set_udp_header
 .text.NetSendUDPPacket
                0x0000000080e21ce4      0x10c net/libnet.o
                0x0000000080e21ce4                NetSendUDPPacket
 .text.copy_filename
                0x0000000080e21df0       0x44 net/libnet.o
                0x0000000080e21df0                copy_filename
 .text.on_bootfile
                0x0000000080e21e34       0x2c net/libnet.o
 .text.ip_to_string
                0x0000000080e21e60       0x54 net/libnet.o
                0x0000000080e21e60                ip_to_string
 .text.string_to_VLAN
                0x0000000080e21eb4       0x58 net/libnet.o
                0x0000000080e21eb4                string_to_VLAN
 .text.getenv_VLAN
                0x0000000080e21f0c       0x10 net/libnet.o
                0x0000000080e21f0c                getenv_VLAN
 .text.NetInitLoop
                0x0000000080e21f1c       0xf0 net/libnet.o
 .text.net_init
                0x0000000080e2200c       0x78 net/libnet.o
                0x0000000080e2200c                net_init
 .text.NetLoop  0x0000000080e22084      0x324 net/libnet.o
                0x0000000080e22084                NetLoop
 .text.ping_timeout
                0x0000000080e223a8       0x1c net/libnet.o
 .text.ping_start
                0x0000000080e223c4      0x12c net/libnet.o
                0x0000000080e223c4                ping_start
 .text.TftpSend
                0x0000000080e224f0      0x1c8 net/libnet.o
 .text.TftpHandler
                0x0000000080e226b8      0x394 net/libnet.o
 .text.TftpTimeout
                0x0000000080e22a4c       0x88 net/libnet.o
 .text.TftpStart
                0x0000000080e22ad4      0x330 net/libnet.o
                0x0000000080e22ad4                TftpStart
 .text          0x0000000080e22e04       0x30 board/anyka/anycloud_ak37e/libanycloud_ak37e.o
                0x0000000080e22e08                lowlevel_init
 .text.board_early_init_f
                0x0000000080e22e34       0x10 board/anyka/anycloud_ak37e/libanycloud_ak37e.o
                0x0000000080e22e34                board_early_init_f
 .text.board_init
                0x0000000080e22e44       0x18 board/anyka/anycloud_ak37e/libanycloud_ak37e.o
                0x0000000080e22e44                board_init
 .text.dram_init
                0x0000000080e22e5c       0x20 board/anyka/anycloud_ak37e/libanycloud_ak37e.o
                0x0000000080e22e5c                dram_init
 .text.spl_memsize_parse
                0x0000000080e22e7c       0x80 board/anyka/anycloud_ak37e/libanycloud_ak37e.o
 .text.flash_init
                0x0000000080e22efc       0xd4 board/anyka/anycloud_ak37e/libanycloud_ak37e.o
                0x0000000080e22efc                flash_init
 .text.write_buff
                0x0000000080e22fd0       0x40 board/anyka/anycloud_ak37e/libanycloud_ak37e.o
                0x0000000080e22fd0                write_buff
 .text.spl_device_parse
                0x0000000080e23010      0x43c board/anyka/anycloud_ak37e/libanycloud_ak37e.o
                0x0000000080e23010                spl_device_parse
 .text.get_mtdparts_by_partition_name
                0x0000000080e2344c       0x7c board/anyka/anycloud_ak37e/libanycloud_ak37e.o
                0x0000000080e2344c                get_mtdparts_by_partition_name
 .text.get_mtdparts_by_partition_flash_offset
                0x0000000080e234c8       0x9c board/anyka/anycloud_ak37e/libanycloud_ak37e.o
                0x0000000080e234c8                get_mtdparts_by_partition_flash_offset
 .text.read_logo_data